Component: ARM Compiler 5.06 update 6 (build 750) Tool: armlink [4d35ed]

==============================================================================

Section Cross References

    startup_stm32g474xx.o(STACK) refers (Special) to heapauxi.o(.text) for __use_two_region_memory
    startup_stm32g474xx.o(HEAP) refers (Special) to heapauxi.o(.text) for __use_two_region_memory
    startup_stm32g474xx.o(RESET) refers (Special) to heapauxi.o(.text) for __use_two_region_memory
    startup_stm32g474xx.o(RESET) refers to startup_stm32g474xx.o(STACK) for __initial_sp
    startup_stm32g474xx.o(RESET) refers to startup_stm32g474xx.o(.text) for Reset_Handler
    startup_stm32g474xx.o(RESET) refers to stm32g4xx_it.o(i.NMI_Handler) for NMI_Handler
    startup_stm32g474xx.o(RESET) refers to stm32g4xx_it.o(i.HardFault_Handler) for HardFault_Handler
    startup_stm32g474xx.o(RESET) refers to stm32g4xx_it.o(i.MemManage_Handler) for MemManage_Handler
    startup_stm32g474xx.o(RESET) refers to stm32g4xx_it.o(i.BusFault_Handler) for BusFault_Handler
    startup_stm32g474xx.o(RESET) refers to stm32g4xx_it.o(i.UsageFault_Handler) for UsageFault_Handler
    startup_stm32g474xx.o(RESET) refers to stm32g4xx_it.o(i.SVC_Handler) for SVC_Handler
    startup_stm32g474xx.o(RESET) refers to stm32g4xx_it.o(i.DebugMon_Handler) for DebugMon_Handler
    startup_stm32g474xx.o(RESET) refers to stm32g4xx_it.o(i.PendSV_Handler) for PendSV_Handler
    startup_stm32g474xx.o(RESET) refers to stm32g4xx_it.o(i.SysTick_Handler) for SysTick_Handler
    startup_stm32g474xx.o(RESET) refers to stm32g4xx_it.o(i.DMA1_Channel1_IRQHandler) for DMA1_Channel1_IRQHandler
    startup_stm32g474xx.o(RESET) refers to stm32g4xx_it.o(i.DMA1_Channel2_IRQHandler) for DMA1_Channel2_IRQHandler
    startup_stm32g474xx.o(RESET) refers to stm32g4xx_it.o(i.DMA1_Channel3_IRQHandler) for DMA1_Channel3_IRQHandler
    startup_stm32g474xx.o(RESET) refers to stm32g4xx_it.o(i.ADC1_2_IRQHandler) for ADC1_2_IRQHandler
    startup_stm32g474xx.o(RESET) refers to stm32g4xx_it.o(i.TIM2_IRQHandler) for TIM2_IRQHandler
    startup_stm32g474xx.o(RESET) refers to stm32g4xx_it.o(i.USART2_IRQHandler) for USART2_IRQHandler
    startup_stm32g474xx.o(.text) refers (Special) to heapauxi.o(.text) for __use_two_region_memory
    startup_stm32g474xx.o(.text) refers to system_stm32g4xx.o(i.SystemInit) for SystemInit
    startup_stm32g474xx.o(.text) refers to __main.o(!!!main) for __main
    startup_stm32g474xx.o(.text) refers to startup_stm32g474xx.o(HEAP) for Heap_Mem
    startup_stm32g474xx.o(.text) refers to startup_stm32g474xx.o(STACK) for Stack_Mem
    ctlloop.o(ccmram) refers to function.o(.data) for ADC1_RESULT
    ctlloop.o(ccmram) refers to ctlloop.o(.data) for .data
    ctlloop.o(ccmram) refers to function.o(.bss) for DF
    function.o(ccmram) refers to function.o(.data) for .data
    function.o(i.BBMode) refers to function.o(.bss) for .bss
    function.o(i.Button_Task) refers to function.o(i.Key_Scan) for Key_Scan
    function.o(i.Button_Task) refers to function.o(i.SetPWMFrequency) for SetPWMFrequency
    function.o(i.Button_Task) refers to main.o(i.Error_Handler) for Error_Handler
    function.o(i.Button_Task) refers to stm32g4xx_hal_gpio.o(i.HAL_GPIO_TogglePin) for HAL_GPIO_TogglePin
    function.o(i.Button_Task) refers to function.o(i.SetDeadTimeManual) for SetDeadTimeManual
    function.o(i.Button_Task) refers to function.o(i.DisplayDeadTime) for DisplayDeadTime
    function.o(i.Button_Task) refers to function.o(i.DisplayDutyCycle) for DisplayDutyCycle
    function.o(i.Button_Task) refers to function.o(i.Mode_Switch) for Mode_Switch
    function.o(i.Button_Task) refers to function.o(i.UpdateDisplay) for UpdateDisplay
    function.o(i.Button_Task) refers to function.o(.data) for .data
    function.o(i.DisplayDeadTime) refers to _printf_percent.o(.ARM.Collect$$_printf_percent$$00000000) for _printf_percent
    function.o(i.DisplayDeadTime) refers to _printf_f.o(.ARM.Collect$$_printf_percent$$00000003) for _printf_f
    function.o(i.DisplayDeadTime) refers to printf1.o(x$fpl$printf1) for _printf_fp_dec
    function.o(i.DisplayDeadTime) refers to f2d.o(x$fpl$f2d) for __aeabi_f2d
    function.o(i.DisplayDeadTime) refers to noretval__2sprintf.o(.text) for __2sprintf
    function.o(i.DisplayDeadTime) refers to oled.o(i.OLED_ShowStr) for OLED_ShowStr
    function.o(i.DisplayDeadTime) refers to function.o(i.DisplayDutyCycle) for i.DisplayDutyCycle
    function.o(i.DisplayDutyCycle) refers to _printf_percent.o(.ARM.Collect$$_printf_percent$$00000000) for _printf_percent
    function.o(i.DisplayDutyCycle) refers to _printf_f.o(.ARM.Collect$$_printf_percent$$00000003) for _printf_f
    function.o(i.DisplayDutyCycle) refers to printf1.o(x$fpl$printf1) for _printf_fp_dec
    function.o(i.DisplayDutyCycle) refers to f2d.o(x$fpl$f2d) for __aeabi_f2d
    function.o(i.DisplayDutyCycle) refers to noretval__2sprintf.o(.text) for __2sprintf
[...]
    UART_DMAAbortOnError                     0x08005fd1   Thumb Code    16  stm32g4xx_hal_uart.o(i.UART_DMAAbortOnError)
    i.UART_EndRxTransfer                     0x08005fe0   Section        0  stm32g4xx_hal_uart.o(i.UART_EndRxTransfer)
    UART_EndRxTransfer                       0x08005fe1   Thumb Code    78  stm32g4xx_hal_uart.o(i.UART_EndRxTransfer)
    i.UART_SetConfig                         0x08006034   Section        0  stm32g4xx_hal_uart.o(i.UART_SetConfig)
    i.UART_WaitOnFlagUntilTimeout            0x080062cc   Section        0  stm32g4xx_hal_uart.o(i.UART_WaitOnFlagUntilTimeout)
    i.USART2_IRQHandler                      0x08006360   Section        0  stm32g4xx_it.o(i.USART2_IRQHandler)
    i.UpdateDisplay                          0x0800636c   Section        0  function.o(i.UpdateDisplay)
    i.UsageFault_Handler                     0x08006510   Section        0  stm32g4xx_it.o(i.UsageFault_Handler)
    i.WriteCmd                               0x08006514   Section        0  oled.o(i.WriteCmd)
    i.WriteDat                               0x08006538   Section        0  oled.o(i.WriteDat)
    i.__ARM_fpclassify                       0x0800655c   Section        0  fpclassify.o(i.__ARM_fpclassify)
    i.__NVIC_SetPriority                     0x0800658c   Section        0  stm32g4xx_hal_cortex.o(i.__NVIC_SetPriority)
    __NVIC_SetPriority                       0x0800658d   Thumb Code    32  stm32g4xx_hal_cortex.o(i.__NVIC_SetPriority)
    i._is_digit                              0x080065ac   Section        0  __printf_wp.o(i._is_digit)
    i.main                                   0x080065bc   Section        0  main.o(i.main)
    locale$$code                             0x08006634   Section       44  lc_numeric_c.o(locale$$code)
    x$fpl$dretinf                            0x08006660   Section       12  dretinf.o(x$fpl$dretinf)
    $v0                                      0x08006660   Number         0  dretinf.o(x$fpl$dretinf)
    x$fpl$f2d                                0x0800666c   Section       86  f2d.o(x$fpl$f2d)
    $v0                                      0x0800666c   Number         0  f2d.o(x$fpl$f2d)
    x$fpl$fnaninf                            0x080066c2   Section      140  fnaninf.o(x$fpl$fnaninf)
    $v0                                      0x080066c2   Number         0  fnaninf.o(x$fpl$fnaninf)
    x$fpl$fpinit                             0x0800674e   Section       10  fpinit.o(x$fpl$fpinit)
    $v0                                      0x0800674e   Number         0  fpinit.o(x$fpl$fpinit)
    x$fpl$printf1                            0x08006758   Section        4  printf1.o(x$fpl$printf1)
    $v0                                      0x08006758   Number         0  printf1.o(x$fpl$printf1)
    .constdata                               0x0800675c   Section     2072  oled.o(.constdata)
    x$fpl$usenofp                            0x0800675c   Section        0  usenofp.o(x$fpl$usenofp)
    .constdata                               0x08006f74   Section       24  stm32g4xx_hal_uart.o(.constdata)
    .constdata                               0x08006f8c   Section       16  stm32g4xx_hal_uart_ex.o(.constdata)
    numerator                                0x08006f8c   Data           8  stm32g4xx_hal_uart_ex.o(.constdata)
    denominator                              0x08006f94   Data           8  stm32g4xx_hal_uart_ex.o(.constdata)
    .constdata                               0x08006f9c   Section       16  system_stm32g4xx.o(.constdata)
    .constdata                               0x08006fac   Section        8  system_stm32g4xx.o(.constdata)
    .constdata                               0x08006fb4   Section      148  bigflt0.o(.constdata)
    tenpwrs_x                                0x08006fb4   Data          60  bigflt0.o(.constdata)
    tenpwrs_i                                0x08006ff0   Data          64  bigflt0.o(.constdata)
    locale$$data                             0x08007068   Section       28  lc_numeric_c.o(locale$$data)
    __lcnum_c_name                           0x0800706c   Data           2  lc_numeric_c.o(locale$$data)
    __lcnum_c_start                          0x08007074   Data           0  lc_numeric_c.o(locale$$data)
    __lcnum_c_point                          0x08007080   Data           0  lc_numeric_c.o(locale$$data)
    __lcnum_c_thousands                      0x08007082   Data           0  lc_numeric_c.o(locale$$data)
    __lcnum_c_grouping                       0x08007083   Data           0  lc_numeric_c.o(locale$$data)
    __lcnum_c_end                            0x08007084   Data           0  lc_numeric_c.o(locale$$data)
    .data                                    0x20000000   Section      140  function.o(.data)
    RSNum                                    0x20000004   Data           1  function.o(.data)
    CntS                                     0x20000006   Data           2  function.o(.data)
    Cnt                                      0x20000008   Data           2  function.o(.data)
    BUCKMaxDutyCnt                           0x2000000a   Data           2  function.o(.data)
    BoostMaxDutyCnt                          0x2000000c   Data           2  function.o(.data)
    OCPCnt                                   0x2000000e   Data           2  function.o(.data)
    RSCnt                                    0x20000010   Data           2  function.o(.data)
    RSNum                                    0x20000012   Data           2  function.o(.data)
    OVPCnt                                   0x20000014   Data           2  function.o(.data)
    UVPCnt                                   0x20000016   Data           2  function.o(.data)
    RSCnt                                    0x20000018   Data           2  function.o(.data)
    OVPCnt                                   0x2000001a   Data           2  function.o(.data)
    KeyDownCnt1                              0x2000001c   Data           2  function.o(.data)
    KeyDownCnt2                              0x2000001e   Data           2  function.o(.data)
    BBFlagTemp                               0x20000020   Data           2  function.o(.data)
    SMFlagTemp                               0x20000022   Data           2  function.o(.data)
    VadjSum                                  0x2000002c   Data           4  function.o(.data)
    RSCnt                                    0x20000030   Data           4  function.o(.data)
    VinAvgSum                                0x20000034   Data           4  function.o(.data)
    IinAvgSum                                0x20000038   Data           4  function.o(.data)
    VoutAvgSum                               0x2000003c   Data           4  function.o(.data)
    IoutAvgSum                               0x20000040   Data           4  function.o(.data)
    .data                                    0x2000008c   Section       12  stm32g4xx_hal.o(.data)
    .data                                    0x20000098   Section        4  system_stm32g4xx.o(.data)
    .bss                                     0x2000009c   Section       28  function.o(.bss)
    .bss                                     0x200000b8   Section      204  adc.o(.bss)
    .bss                                     0x20000184   Section      252  hrtim.o(.bss)
    .bss                                     0x20000280   Section      180  i2c.o(.bss)
    .bss                                     0x20000334   Section       76  tim.o(.bss)
    .bss                                     0x20000380   Section      244  usart.o(.bss)
    .bss                                     0x20000474   Section       96  libspace.o(.bss)
    HEAP                                     0x200004d8   Section      512  startup_stm32g474xx.o(HEAP)
    Heap_Mem                                 0x200004d8   Data         512  startup_stm32g474xx.o(HEAP)
    STACK                                    0x200006d8   Section     1024  startup_stm32g474xx.o(STACK)
    Stack_Mem                                0x200006d8   Data        1024  startup_stm32g474xx.o(STACK)
    __initial_sp                             0x20000ad8   Data           0  startup_stm32g474xx.o(STACK)

    Global Symbols

    Symbol Name                              Value     Ov Type        Size  Object(Section)

    BuildAttributes$$THM_ISAv4$E$P$D$K$B$S$7EM$VFPi3$EXTD16$VFPS$VFMA$PE$A:L22UL41UL21$X:L11$S22US41US21$IEEE1$IW$USESV6$~STKCKD$USESV7$~SHL$OTIME$ROPI$IEEEJ$EBA8$UX$STANDARDLIB$REQ8$PRES8$EABIv2 0x00000000   Number         0  anon$$obj.o ABSOLUTE
    __ARM_use_no_argv                        0x00000000   Number         0  main.o ABSOLUTE
    _printf_flags                            0x00000000   Number         0  printf_stubs.o ABSOLUTE
    _printf_return_value                     0x00000000   Number         0  printf_stubs.o ABSOLUTE
    _printf_sizespec                         0x00000000   Number         0  printf_stubs.o ABSOLUTE
    _printf_widthprec                        0x00000000   Number         0  printf_stubs.o ABSOLUTE
    __ARM_exceptions_init                     - Undefined Weak Reference
    __alloca_initialize                       - Undefined Weak Reference
    __arm_preinit_                            - Undefined Weak Reference
    __cpp_initialize__aeabi_                  - Undefined Weak Reference
    __cxa_finalize                            - Undefined Weak Reference
    __sigvec_lookup                           - Undefined Weak Reference
    _atexit_init                              - Undefined Weak Reference
    _call_atexit_fns                          - Undefined Weak Reference
    _clock_init                               - Undefined Weak Reference
    _fp_trap_init                             - Undefined Weak Reference
    _fp_trap_shutdown                         - Undefined Weak Reference
    _get_lc_collate                           - Undefined Weak Reference
    _get_lc_ctype                             - Undefined Weak Reference
    _get_lc_monetary                          - Undefined Weak Reference
    _get_lc_time                              - Undefined Weak Reference
    _getenv_init                              - Undefined Weak Reference
    _handle_redirection                       - Undefined Weak Reference
    _init_alloc                               - Undefined Weak Reference
    _init_user_alloc                          - Undefined Weak Reference
    _initio                                   - Undefined Weak Reference
    _printf_post_padding                      - Undefined Weak Reference
    _printf_pre_padding                       - Undefined Weak Reference
    _rand_init                                - Undefined Weak Reference
    _signal_finish                            - Undefined Weak Reference
    _signal_init                              - Undefined Weak Reference
    _terminate_alloc                          - Undefined Weak Reference
    _terminate_user_alloc                     - Undefined Weak Reference
    _terminateio                              - Undefined Weak Reference
    __Vectors_Size                           0x000001d8   Number         0  startup_stm32g474xx.o ABSOLUTE
    __Vectors                                0x08000000   Data           4  startup_stm32g474xx.o(RESET)
    __Vectors_End                            0x080001d8   Data           0  startup_stm32g474xx.o(RESET)
    __main                                   0x080001d9   Thumb Code     8  __main.o(!!!main)
    __scatterload                            0x080001e1   Thumb Code     0  __scatter.o(!!!scatter)
    __scatterload_rt2                        0x080001e1   Thumb Code    44  __scatter.o(!!!scatter)
    __scatterload_rt2_thumb_only             0x080001e1   Thumb Code     0  __scatter.o(!!!scatter)
    __scatterload_null                       0x080001ef   Thumb Code     0  __scatter.o(!!!scatter)
    __scatterload_copy                       0x08000215   Thumb Code    26  __scatter_copy.o(!!handler_copy)
    __scatterload_zeroinit                   0x08000231   Thumb Code    28  __scatter_zi.o(!!handler_zi)
    _printf_f                                0x0800024d   Thumb Code     0  _printf_f.o(.ARM.Collect$$_printf_percent$$00000003)
    _printf_percent                          0x0800024d   Thumb Code     0  _printf_percent.o(.ARM.Collect$$_printf_percent$$00000000)
    _printf_percent_end                      0x08000253   Thumb Code     0  _printf_percent_end.o(.ARM.Collect$$_printf_percent$$00000017)
    __rt_lib_init                            0x08000257   Thumb Code     0  libinit.o(.ARM.Collect$$libinit$$00000000)
    __rt_lib_init_fp_1                       0x08000259   Thumb Code     0  libinit2.o(.ARM.Collect$$libinit$$00000001)
    __rt_lib_init_heap_1                     0x0800025d   Thumb Code     0  libinit2.o(.ARM.Collect$$libinit$$0000000A)
    __rt_lib_init_lc_common                  0x0800025d   Thumb Code     0  libinit2.o(.ARM.Collect$$libinit$$0000000F)
    __rt_lib_init_preinit_1                  0x0800025d   Thumb Code     0  libinit2.o(.ARM.Collect$$libinit$$00000004)
    __rt_lib_init_rand_1                     0x0800025d   Thumb Code     0  libinit2.o(.ARM.Collect$$libinit$$0000000E)
    __rt_lib_init_user_alloc_1               0x0800025d   Thumb Code     0  libinit2.o(.ARM.Collect$$libinit$$0000000C)
    __rt_lib_init_lc_collate_1               0x08000263   Thumb Code     0  libinit2.o(.ARM.Collect$$libinit$$00000011)
    __rt_lib_init_lc_ctype_1                 0x08000263   Thumb Code     0  libinit2.o(.ARM.Collect$$libinit$$00000013)
    __rt_lib_init_lc_monetary_1              0x08000263   Thumb Code     0  libinit2.o(.ARM.Collect$$libinit$$00000015)
    __rt_lib_init_lc_numeric_2               0x08000263   Thumb Code     0  libinit2.o(.ARM.Collect$$libinit$$00000016)
    __rt_lib_init_alloca_1                   0x0800026d   Thumb Code     0  libinit2.o(.ARM.Collect$$libinit$$0000002E)
    __rt_lib_init_argv_1                     0x0800026d   Thumb Code     0  libinit2.o(.ARM.Collect$$libinit$$0000002C)
    __rt_lib_init_atexit_1                   0x0800026d   Thumb Code     0  libinit2.o(.ARM.Collect$$libinit$$0000001B)
    __rt_lib_init_clock_1                    0x0800026d   Thumb Code     0  libinit2.o(.ARM.Collect$$libinit$$00000021)
    __rt_lib_init_cpp_1                      0x0800026d   Thumb Code     0  libinit2.o(.ARM.Collect$$libinit$$00000032)
    __rt_lib_init_exceptions_1               0x0800026d   Thumb Code     0  libinit2.o(.ARM.Collect$$libinit$$00000030)
    __rt_lib_init_fp_trap_1                  0x0800026d   Thumb Code     0  libinit2.o(.ARM.Collect$$libinit$$0000001F)
    __rt_lib_init_getenv_1                   0x0800026d   Thumb Code     0  libinit2.o(.ARM.Collect$$libinit$$00000023)
    __rt_lib_init_lc_numeric_1               0x0800026d   Thumb Code     0  libinit2.o(.ARM.Collect$$libinit$$00000017)
    __rt_lib_init_lc_time_1                  0x0800026d   Thumb Code     0  libinit2.o(.ARM.Collect$$libinit$$00000019)
    __rt_lib_init_return                     0x0800026d   Thumb Code     0  libinit2.o(.ARM.Collect$$libinit$$00000033)
    __rt_lib_init_signal_1                   0x0800026d   Thumb Code     0  libinit2.o(.ARM.Collect$$libinit$$0000001D)
    __rt_lib_init_stdio_1                    0x0800026d   Thumb Code     0  libinit2.o(.ARM.Collect$$libinit$$00000025)
    __rt_lib_shutdown                        0x0800026f   Thumb Code     0  libshutdown.o(.ARM.Collect$$libshutdown$$00000000)
    __rt_lib_shutdown_cpp_1                  0x08000271   Thumb Code     0  libshutdown2.o(.ARM.Collect$$libshutdown$$00000002)
    __rt_lib_shutdown_fp_trap_1              0x08000271   Thumb Code     0  libshutdown2.o(.ARM.Collect$$libshutdown$$00000007)
    __rt_lib_shutdown_heap_1                 0x08000271   Thumb Code     0  libshutdown2.o(.ARM.Collect$$libshutdown$$0000000F)
    __rt_lib_shutdown_return                 0x08000271   Thumb Code     0  libshutdown2.o(.ARM.Collect$$libshutdown$$00000010)
    __rt_lib_shutdown_signal_1               0x08000271   Thumb Code     0  libshutdown2.o(.ARM.Collect$$libshutdown$$0000000A)
    __rt_lib_shutdown_stdio_1                0x08000271   Thumb Code     0  libshutdown2.o(.ARM.Collect$$libshutdown$$00000004)
    __rt_lib_shutdown_user_alloc_1           0x08000271   Thumb Code     0  libshutdown2.o(.ARM.Collect$$libshutdown$$0000000C)
    __rt_entry                               0x08000273   Thumb Code     0  __rtentry.o(.ARM.Collect$$rtentry$$00000000)
    __rt_entry_presh_1                       0x08000273   Thumb Code     0  __rtentry2.o(.ARM.Collect$$rtentry$$00000002)
    __rt_entry_sh                            0x08000273   Thumb Code     0  __rtentry4.o(.ARM.Collect$$rtentry$$00000004)
    __rt_entry_li                            0x08000279   Thumb Code     0  __rtentry2.o(.ARM.Collect$$rtentry$$0000000A)
    __rt_entry_postsh_1                      0x08000279   Thumb Code     0  __rtentry2.o(.ARM.Collect$$rtentry$$00000009)
    __rt_entry_main                          0x0800027d   Thumb Code     0  __rtentry2.o(.ARM.Collect$$rtentry$$0000000D)
    __rt_entry_postli_1                      0x0800027d   Thumb Code     0  __rtentry2.o(.ARM.Collect$$rtentry$$0000000C)
    __rt_exit                                0x08000285   Thumb Code     0  rtexit.o(.ARM.Collect$$rtexit$$00000000)
    __rt_exit_ls                             0x08000287   Thumb Code     0  rtexit2.o(.ARM.Collect$$rtexit$$00000003)
    __rt_exit_prels_1                        0x08000287   Thumb Code     0  rtexit2.o(.ARM.Collect$$rtexit$$00000002)
    __rt_exit_exit                           0x0800028b   Thumb Code     0  rtexit2.o(.ARM.Collect$$rtexit$$00000004)
    Reset_Handler                            0x08000291   Thumb Code     8  startup_stm32g474xx.o(.text)
    ADC3_IRQHandler                          0x080002ab   Thumb Code     0  startup_stm32g474xx.o(.text)
    ADC4_IRQHandler                          0x080002ab   Thumb Code     0  startup_stm32g474xx.o(.text)
    ADC5_IRQHandler                          0x080002ab   Thumb Code     0  startup_stm32g474xx.o(.text)
    COMP1_2_3_IRQHandler                     0x080002ab   Thumb Code     0  startup_stm32g474xx.o(.text)
    COMP4_5_6_IRQHandler                     0x080002ab   Thumb Code     0  startup_stm32g474xx.o(.text)
    COMP7_IRQHandler                         0x080002ab   Thumb Code     0  startup_stm32g474xx.o(.text)
    CORDIC_IRQHandler                        0x080002ab   Thumb Code     0  startup_stm32g474xx.o(.text)
    CRS_IRQHandler                           0x080002ab   Thumb Code     0  startup_stm32g474xx.o(.text)
    DMA1_Channel4_IRQHandler                 0x080002ab   Thumb Code     0  startup_stm32g474xx.o(.text)
    DMA1_Channel5_IRQHandler                 0x080002ab   Thumb Code     0  startup_stm32g474xx.o(.text)
    DMA1_Channel6_IRQHandler                 0x080002ab   Thumb Code     0  startup_stm32g474xx.o(.text)
    DMA1_Channel7_IRQHandler                 0x080002ab   Thumb Code     0  startup_stm32g474xx.o(.text)
    DMA1_Channel8_IRQHandler                 0x080002ab   Thumb Code     0  startup_stm32g474xx.o(.text)
    DMA2_Channel1_IRQHandler                 0x080002ab   Thumb Code     0  startup_stm32g474xx.o(.text)
    DMA2_Channel2_IRQHandler                 0x080002ab   Thumb Code     0  startup_stm32g474xx.o(.text)
    DMA2_Channel3_IRQHandler                 0x080002ab   Thumb Code     0  startup_stm32g474xx.o(.text)
    DMA2_Channel4_IRQHandler                 0x080002ab   Thumb Code     0  startup_stm32g474xx.o(.text)
    DMA2_Channel5_IRQHandler                 0x080002ab   Thumb Code     0  startup_stm32g474xx.o(.text)
    DMA2_Channel6_IRQHandler                 0x080002ab   Thumb Code     0  startup_stm32g474xx.o(.text)
    DMA2_Channel7_IRQHandler                 0x080002ab   Thumb Code     0  startup_stm32g474xx.o(.text)
    DMA2_Channel8_IRQHandler                 0x080002ab   Thumb Code     0  startup_stm32g474xx.o(.text)
    DMAMUX_OVR_IRQHandler                    0x080002ab   Thumb Code     0  startup_stm32g474xx.o(.text)
    EXTI0_IRQHandler                         0x080002ab   Thumb Code     0  startup_stm32g474xx.o(.text)
    EXTI15_10_IRQHandler                     0x080002ab   Thumb Code     0  startup_stm32g474xx.o(.text)
    EXTI1_IRQHandler                         0x080002ab   Thumb Code     0  startup_stm32g474xx.o(.text)
    EXTI2_IRQHandler                         0x080002ab   Thumb Code     0  startup_stm32g474xx.o(.text)
    EXTI3_IRQHandler                         0x080002ab   Thumb Code     0  startup_stm32g474xx.o(.text)
    EXTI4_IRQHandler                         0x080002ab   Thumb Code     0  startup_stm32g474xx.o(.text)
    EXTI9_5_IRQHandler                       0x080002ab   Thumb Code     0  startup_stm32g474xx.o(.text)
    FDCAN1_IT0_IRQHandler                    0x080002ab   Thumb Code     0  startup_stm32g474xx.o(.text)
    FDCAN1_IT1_IRQHandler                    0x080002ab   Thumb Code     0  startup_stm32g474xx.o(.text)
    FDCAN2_IT0_IRQHandler                    0x080002ab   Thumb Code     0  startup_stm32g474xx.o(.text)
    FDCAN2_IT1_IRQHandler                    0x080002ab   Thumb Code     0  startup_stm32g474xx.o(.text)
    FDCAN3_IT0_IRQHandler                    0x080002ab   Thumb Code     0  startup_stm32g474xx.o(.text)
    FDCAN3_IT1_IRQHandler                    0x080002ab   Thumb Code     0  startup_stm32g474xx.o(.text)
    FLASH_IRQHandler                         0x080002ab   Thumb Code     0  startup_stm32g474xx.o(.text)
    FMAC_IRQHandler                          0x080002ab   Thumb Code     0  startup_stm32g474xx.o(.text)
    FMC_IRQHandler                           0x080002ab   Thumb Code     0  startup_stm32g474xx.o(.text)
    FPU_IRQHandler                           0x080002ab   Thumb Code     0  startup_stm32g474xx.o(.text)
    HRTIM1_FLT_IRQHandler                    0x080002ab   Thumb Code     0  startup_stm32g474xx.o(.text)
    HRTIM1_Master_IRQHandler                 0x080002ab   Thumb Code     0  startup_stm32g474xx.o(.text)
    HRTIM1_TIMA_IRQHandler                   0x080002ab   Thumb Code     0  startup_stm32g474xx.o(.text)
    HRTIM1_TIMB_IRQHandler                   0x080002ab   Thumb Code     0  startup_stm32g474xx.o(.text)
    HRTIM1_TIMC_IRQHandler                   0x080002ab   Thumb Code     0  startup_stm32g474xx.o(.text)
    HRTIM1_TIMD_IRQHandler                   0x080002ab   Thumb Code     0  startup_stm32g474xx.o(.text)
    HRTIM1_TIME_IRQHandler                   0x080002ab   Thumb Code     0  startup_stm32g474xx.o(.text)
    HRTIM1_TIMF_IRQHandler                   0x080002ab   Thumb Code     0  startup_stm32g474xx.o(.text)
    I2C1_ER_IRQHandler                       0x080002ab   Thumb Code     0  startup_stm32g474xx.o(.text)
    I2C1_EV_IRQHandler                       0x080002ab   Thumb Code     0  startup_stm32g474xx.o(.text)
    I2C2_ER_IRQHandler                       0x080002ab   Thumb Code     0  startup_stm32g474xx.o(.text)
    I2C2_EV_IRQHandler                       0x080002ab   Thumb Code     0  startup_stm32g474xx.o(.text)
    I2C3_ER_IRQHandler                       0x080002ab   Thumb Code     0  startup_stm32g474xx.o(.text)
    I2C3_EV_IRQHandler                       0x080002ab   Thumb Code     0  startup_stm32g474xx.o(.text)
    I2C4_ER_IRQHandler                       0x080002ab   Thumb Code     0  startup_stm32g474xx.o(.text)
    I2C4_EV_IRQHandler                       0x080002ab   Thumb Code     0  startup_stm32g474xx.o(.text)
    LPTIM1_IRQHandler                        0x080002ab   Thumb Code     0  startup_stm32g474xx.o(.text)
    LPUART1_IRQHandler                       0x080002ab   Thumb Code     0  startup_stm32g474xx.o(.text)
    PVD_PVM_IRQHandler                       0x080002ab   Thumb Code     0  startup_stm32g474xx.o(.text)
    QUADSPI_IRQHandler                       0x080002ab   Thumb Code     0  startup_stm32g474xx.o(.text)
    RCC_IRQHandler                           0x080002ab   Thumb Code     0  startup_stm32g474xx.o(.text)
    RNG_IRQHandler                           0x080002ab   Thumb Code     0  startup_stm32g474xx.o(.text)
    RTC_Alarm_IRQHandler                     0x080002ab   Thumb Code     0  startup_stm32g474xx.o(.text)
    RTC_TAMP_LSECSS_IRQHandler               0x080002ab   Thumb Code     0  startup_stm32g474xx.o(.text)
    RTC_WKUP_IRQHandler                      0x080002ab   Thumb Code     0  startup_stm32g474xx.o(.text)
    SAI1_IRQHandler                          0x080002ab   Thumb Code     0  startup_stm32g474xx.o(.text)
    SPI1_IRQHandler                          0x080002ab   Thumb Code     0  startup_stm32g474xx.o(.text)
    SPI2_IRQHandler                          0x080002ab   Thumb Code     0  startup_stm32g474xx.o(.text)
    SPI3_IRQHandler                          0x080002ab   Thumb Code     0  startup_stm32g474xx.o(.text)
    SPI4_IRQHandler                          0x080002ab   Thumb Code     0  startup_stm32g474xx.o(.text)
    TIM1_BRK_TIM15_IRQHandler                0x080002ab   Thumb Code     0  startup_stm32g474xx.o(.text)
    TIM1_CC_IRQHandler                       0x080002ab   Thumb Code     0  startup_stm32g474xx.o(.text)
    TIM1_TRG_COM_TIM17_IRQHandler            0x080002ab   Thumb Code     0  startup_stm32g474xx.o(.text)
    TIM1_UP_TIM16_IRQHandler                 0x080002ab   Thumb Code     0  startup_stm32g474xx.o(.text)
    TIM20_BRK_IRQHandler                     0x080002ab   Thumb Code     0  startup_stm32g474xx.o(.text)
    TIM20_CC_IRQHandler                      0x080002ab   Thumb Code     0  startup_stm32g474xx.o(.text)
    TIM20_TRG_COM_IRQHandler                 0x080002ab   Thumb Code     0  startup_stm32g474xx.o(.text)
    TIM20_UP_IRQHandler                      0x080002ab   Thumb Code     0  startup_stm32g474xx.o(.text)
    TIM3_IRQHandler                          0x080002ab   Thumb Code     0  startup_stm32g474xx.o(.text)
    TIM4_IRQHandler                          0x080002ab   Thumb Code     0  startup_stm32g474xx.o(.text)
    TIM5_IRQHandler                          0x080002ab   Thumb Code     0  startup_stm32g474xx.o(.text)
    TIM6_DAC_IRQHandler                      0x080002ab   Thumb Code     0  startup_stm32g474xx.o(.text)
    TIM7_DAC_IRQHandler                      0x080002ab   Thumb Code     0  startup_stm32g474xx.o(.text)
    TIM8_BRK_IRQHandler                      0x080002ab   Thumb Code     0  startup_stm32g474xx.o(.text)
    TIM8_CC_IRQHandler                       0x080002ab   Thumb Code     0  startup_stm32g474xx.o(.text)
    TIM8_TRG_COM_IRQHandler                  0x080002ab   Thumb Code     0  startup_stm32g474xx.o(.text)
    TIM8_UP_IRQHandler                       0x080002ab   Thumb Code     0  startup_stm32g474xx.o(.text)
    UART4_IRQHandler                         0x080002ab   Thumb Code     0  startup_stm32g474xx.o(.text)
    UART5_IRQHandler                         0x080002ab   Thumb Code     0  startup_stm32g474xx.o(.text)
    UCPD1_IRQHandler                         0x080002ab   Thumb Code     0  startup_stm32g474xx.o(.text)
    USART1_IRQHandler                        0x080002ab   Thumb Code     0  startup_stm32g474xx.o(.text)
    USART3_IRQHandler                        0x080002ab   Thumb Code     0  startup_stm32g474xx.o(.text)
    USBWakeUp_IRQHandler                     0x080002ab   Thumb Code     0  startup_stm32g474xx.o(.text)
    USB_HP_IRQHandler                        0x080002ab   Thumb Code     0  startup_stm32g474xx.o(.text)
    USB_LP_IRQHandler                        0x080002ab   Thumb Code     0  startup_stm32g474xx.o(.text)
    WWDG_IRQHandler                          0x080002ab   Thumb Code     0  startup_stm32g474xx.o(.text)
    __user_initial_stackheap                 0x080002ad   Thumb Code     0  startup_stm32g474xx.o(.text)
    __aeabi_uldivmod                         0x080002d1   Thumb Code     0  lludivv7m.o(.text)
    _ll_udiv                                 0x080002d1   Thumb Code   238  lludivv7m.o(.text)
    __2sprintf                               0x080003c1   Thumb Code    34  noretval__2sprintf.o(.text)
    __printf                                 0x080003e9   Thumb Code   270  __printf_wp.o(.text)
    __aeabi_memclr4                          0x080004f7   Thumb Code     0  rt_memclr_w.o(.text)
    __aeabi_memclr8                          0x080004f7   Thumb Code     0  rt_memclr_w.o(.text)
    __rt_memclr_w                            0x080004f7   Thumb Code    78  rt_memclr_w.o(.text)
    _memset_w                                0x080004fb   Thumb Code     0  rt_memclr_w.o(.text)
    __use_two_region_memory                  0x08000545   Thumb Code     2  heapauxi.o(.text)
    __rt_heap_escrow$2region                 0x08000547   Thumb Code     2  heapauxi.o(.text)
    __rt_heap_expand$2region                 0x08000549   Thumb Code     2  heapauxi.o(.text)
    __lib_sel_fp_printf                      0x0800054b   Thumb Code     2  _printf_fp_dec.o(.text)
    _printf_fp_dec_real                      0x080006fd   Thumb Code   620  _printf_fp_dec.o(.text)
    _printf_char_common                      0x08000973   Thumb Code    32  _printf_char_common.o(.text)
    _sputc                                   0x08000999   Thumb Code    10  _sputc.o(.text)
    __rt_locale                              0x080009a5   Thumb Code     8  rt_locale_intlibspace.o(.text)
    _ll_udiv10                               0x080009ad   Thumb Code   138  lludiv10.o(.text)
    _printf_fp_infnan                        0x08000a39   Thumb Code   112  _printf_fp_infnan.o(.text)
    _btod_etento                             0x08000ab9   Thumb Code   224  bigflt0.o(.text)
    __user_libspace                          0x08000b9d   Thumb Code     8  libspace.o(.text)
    __user_perproc_libspace                  0x08000b9d   Thumb Code     0  libspace.o(.text)
    __user_perthread_libspace                0x08000b9d   Thumb Code     0  libspace.o(.text)
    __user_setup_stackheap                   0x08000ba5   Thumb Code    74  sys_stackheap_outer.o(.text)
    exit                                     0x08000bef   Thumb Code    18  exit.o(.text)
    strcmp                                   0x08000c01   Thumb Code   128  strcmpv7m.o(.text)
    _sys_exit                                0x08000c81   Thumb Code     8  sys_exit.o(.text)
    __I$use$semihosting                      0x08000c8d   Thumb Code     0  use_no_semi.o(.text)
    __use_no_semihosting_swi                 0x08000c8d   Thumb Code     2  use_no_semi.o(.text)
    __semihosting_library_function           0x08000c8f   Thumb Code     0  indicate_semi.o(.text)
    _btod_d2e                                0x08000c8f   Thumb Code    62  btod.o(CL$$btod_d2e)
    _d2e_denorm_low                          0x08000ccd   Thumb Code    70  btod.o(CL$$btod_d2e_denorm_low)
    _d2e_norm_op1                            0x08000d13   Thumb Code    96  btod.o(CL$$btod_d2e_norm_op1)
    __btod_div_common                        0x08000d73   Thumb Code   696  btod.o(CL$$btod_div_common)
    _e2e                                     0x080010ab   Thumb Code   220  btod.o(CL$$btod_e2e)
    _btod_ediv                               0x08001187   Thumb Code    42  btod.o(CL$$btod_ediv)
    _btod_emul                               0x080011b1   Thumb Code    42  btod.o(CL$$btod_emul)
    __btod_mult_common                       0x080011db   Thumb Code   580  btod.o(CL$$btod_mult_common)
    ADCSample                                0x08001421   Thumb Code   154  function.o(ccmram)
    ADC1_2_IRQHandler                        0x080014c1   Thumb Code     6  stm32g4xx_it.o(i.ADC1_2_IRQHandler)
    ADC_DMAConvCplt                          0x080014cd   Thumb Code   104  stm32g4xx_hal_adc.o(i.ADC_DMAConvCplt)
    ADC_DMAError                             0x08001535   Thumb Code    26  stm32g4xx_hal_adc.o(i.ADC_DMAError)
    ADC_DMAHalfConvCplt                      0x0800154f   Thumb Code    10  stm32g4xx_hal_adc.o(i.ADC_DMAHalfConvCplt)
    ADC_Enable                               0x08001559   Thumb Code   172  stm32g4xx_hal_adc.o(i.ADC_Enable)
    BusFault_Handler                         0x0800161d   Thumb Code     2  stm32g4xx_it.o(i.BusFault_Handler)
    Button_Task                              0x08001621   Thumb Code   450  function.o(i.Button_Task)
    DMA1_Channel1_IRQHandler                 0x0800180d   Thumb Code     6  stm32g4xx_it.o(i.DMA1_Channel1_IRQHandler)
    DMA1_Channel2_IRQHandler                 0x08001819   Thumb Code     6  stm32g4xx_it.o(i.DMA1_Channel2_IRQHandler)
    DMA1_Channel3_IRQHandler                 0x08001825   Thumb Code     6  stm32g4xx_it.o(i.DMA1_Channel3_IRQHandler)
    DebugMon_Handler                         0x080018d3   Thumb Code     2  stm32g4xx_it.o(i.DebugMon_Handler)
    DisplayDeadTime                          0x080018d5   Thumb Code    40  function.o(i.DisplayDeadTime)
    DisplayDutyCycle                         0x08001901   Thumb Code    40  function.o(i.DisplayDutyCycle)
    Error_Handler                            0x08001931   Thumb Code     4  main.o(i.Error_Handler)
    HAL_ADCEx_EndOfSamplingCallback          0x08001935   Thumb Code     2  stm32g4xx_hal_adc_ex.o(i.HAL_ADCEx_EndOfSamplingCallback)
    HAL_ADCEx_InjectedConvCpltCallback       0x08001937   Thumb Code     2  stm32g4xx_hal_adc_ex.o(i.HAL_ADCEx_InjectedConvCpltCallback)
    HAL_ADCEx_InjectedQueueOverflowCallback  0x08001939   Thumb Code     2  stm32g4xx_hal_adc_ex.o(i.HAL_ADCEx_InjectedQueueOverflowCallback)
    HAL_ADCEx_LevelOutOfWindow2Callback      0x0800193b   Thumb Code     2  stm32g4xx_hal_adc_ex.o(i.HAL_ADCEx_LevelOutOfWindow2Callback)
    HAL_ADCEx_LevelOutOfWindow3Callback      0x0800193d   Thumb Code     2  stm32g4xx_hal_adc_ex.o(i.HAL_ADCEx_LevelOutOfWindow3Callback)
    HAL_ADCEx_MultiModeConfigChannel         0x08001941   Thumb Code   326  stm32g4xx_hal_adc_ex.o(i.HAL_ADCEx_MultiModeConfigChannel)
    HAL_ADC_ConfigChannel                    0x08001aa1   Thumb Code  1066  stm32g4xx_hal_adc.o(i.HAL_ADC_ConfigChannel)
    HAL_ADC_ConvCpltCallback                 0x08001f0d   Thumb Code     2  stm32g4xx_hal_adc.o(i.HAL_ADC_ConvCpltCallback)
    HAL_ADC_ConvHalfCpltCallback             0x08001f0f   Thumb Code     2  stm32g4xx_hal_adc.o(i.HAL_ADC_ConvHalfCpltCallback)
    HAL_ADC_ErrorCallback                    0x08001f11   Thumb Code     2  stm32g4xx_hal_adc.o(i.HAL_ADC_ErrorCallback)
    HAL_ADC_IRQHandler                       0x08001f15   Thumb Code   674  stm32g4xx_hal_adc.o(i.HAL_ADC_IRQHandler)
    HAL_ADC_Init                             0x080021cd   Thumb Code   510  stm32g4xx_hal_adc.o(i.HAL_ADC_Init)
    HAL_ADC_LevelOutOfWindowCallback         0x080023fd   Thumb Code     2  stm32g4xx_hal_adc.o(i.HAL_ADC_LevelOutOfWindowCallback)
    HAL_ADC_MspInit                          0x08002401   Thumb Code   172  adc.o(i.HAL_ADC_MspInit)
    HAL_ADC_Start                            0x080024b9   Thumb Code   288  stm32g4xx_hal_adc.o(i.HAL_ADC_Start)
    HAL_ADC_Start_DMA                        0x080025f1   Thumb Code   260  stm32g4xx_hal_adc.o(i.HAL_ADC_Start_DMA)
    HAL_DMA_Abort                            0x0800271d   Thumb Code   106  stm32g4xx_hal_dma.o(i.HAL_DMA_Abort)
    HAL_DMA_Abort_IT                         0x08002787   Thumb Code   120  stm32g4xx_hal_dma.o(i.HAL_DMA_Abort_IT)
    HAL_DMA_IRQHandler                       0x080027ff   Thumb Code   186  stm32g4xx_hal_dma.o(i.HAL_DMA_IRQHandler)
    HAL_DMA_Init                             0x080028b9   Thumb Code   178  stm32g4xx_hal_dma.o(i.HAL_DMA_Init)
    HAL_DMA_Start_IT                         0x08002979   Thumb Code   140  stm32g4xx_hal_dma.o(i.HAL_DMA_Start_IT)
    HAL_Delay                                0x08002a05   Thumb Code    32  stm32g4xx_hal.o(i.HAL_Delay)
    HAL_GPIO_Init                            0x08002a29   Thumb Code   550  stm32g4xx_hal_gpio.o(i.HAL_GPIO_Init)
    HAL_GPIO_ReadPin                         0x08002c71   Thumb Code    10  stm32g4xx_hal_gpio.o(i.HAL_GPIO_ReadPin)
    HAL_GPIO_TogglePin                       0x08002c7b   Thumb Code    16  stm32g4xx_hal_gpio.o(i.HAL_GPIO_TogglePin)
    HAL_GPIO_WritePin                        0x08002c8b   Thumb Code    10  stm32g4xx_hal_gpio.o(i.HAL_GPIO_WritePin)
    HAL_GetTick                              0x08002c95   Thumb Code     6  stm32g4xx_hal.o(i.HAL_GetTick)
    HAL_HRTIM_DLLCalibrationStart            0x08002ca1   Thumb Code    98  stm32g4xx_hal_hrtim.o(i.HAL_HRTIM_DLLCalibrationStart)
    HAL_HRTIM_Init                           0x08002d05   Thumb Code   184  stm32g4xx_hal_hrtim.o(i.HAL_HRTIM_Init)
    HAL_HRTIM_MspInit                        0x08002dc5   Thumb Code    30  hrtim.o(i.HAL_HRTIM_MspInit)
    HAL_HRTIM_MspPostInit                    0x08002ded   Thumb Code    76  hrtim.o(i.HAL_HRTIM_MspPostInit)
    HAL_HRTIM_PollForDLLCalibration          0x08002e41   Thumb Code    66  stm32g4xx_hal_hrtim.o(i.HAL_HRTIM_PollForDLLCalibration)
    HAL_HRTIM_SoftwareReset                  0x08002e83   Thumb Code    48  stm32g4xx_hal_hrtim.o(i.HAL_HRTIM_SoftwareReset)
    HAL_HRTIM_TimeBaseConfig                 0x08002eb3   Thumb Code   122  stm32g4xx_hal_hrtim.o(i.HAL_HRTIM_TimeBaseConfig)
    HAL_HRTIM_WaveformCompareConfig          0x08002f2d   Thumb Code   308  stm32g4xx_hal_hrtim.o(i.HAL_HRTIM_WaveformCompareConfig)
    HAL_HRTIM_WaveformCountStart             0x08003061   Thumb Code    44  stm32g4xx_hal_hrtim.o(i.HAL_HRTIM_WaveformCountStart)
    HAL_HRTIM_WaveformOutputConfig           0x0800308d   Thumb Code    54  stm32g4xx_hal_hrtim.o(i.HAL_HRTIM_WaveformOutputConfig)
    HAL_HRTIM_WaveformOutputStart            0x080030c3   Thumb Code    48  stm32g4xx_hal_hrtim.o(i.HAL_HRTIM_WaveformOutputStart)
    HAL_HRTIM_WaveformTimerConfig            0x080030f3   Thumb Code   144  stm32g4xx_hal_hrtim.o(i.HAL_HRTIM_WaveformTimerConfig)
    HAL_HRTIM_WaveformTimerControl           0x08003183   Thumb Code   132  stm32g4xx_hal_hrtim.o(i.HAL_HRTIM_WaveformTimerControl)
    HAL_I2CEx_ConfigAnalogFilter             0x08003207   Thumb Code    86  stm32g4xx_hal_i2c_ex.o(i.HAL_I2CEx_ConfigAnalogFilter)
    HAL_I2CEx_ConfigDigitalFilter            0x0800325d   Thumb Code    82  stm32g4xx_hal_i2c_ex.o(i.HAL_I2CEx_ConfigDigitalFilter)
    HAL_I2C_Init                             0x080032b1   Thumb Code   184  stm32g4xx_hal_i2c.o(i.HAL_I2C_Init)
    HAL_I2C_Mem_Write                        0x0800336d   Thumb Code   340  stm32g4xx_hal_i2c.o(i.HAL_I2C_Mem_Write)
    HAL_I2C_MspInit                          0x080034c5   Thumb Code   160  i2c.o(i.HAL_I2C_MspInit)
    HAL_IncTick                              0x08003579   Thumb Code    12  stm32g4xx_hal.o(i.HAL_IncTick)
    HAL_Init                                 0x08003589   Thumb Code    30  stm32g4xx_hal.o(i.HAL_Init)
    HAL_InitTick                             0x080035a9   Thumb Code    58  stm32g4xx_hal.o(i.HAL_InitTick)
    HAL_MspInit                              0x080035ed   Thumb Code    42  stm32g4xx_hal_msp.o(i.HAL_MspInit)
    HAL_NVIC_EnableIRQ                       0x0800361d   Thumb Code    26  stm32g4xx_hal_cortex.o(i.HAL_NVIC_EnableIRQ)
    HAL_NVIC_SetPriority                     0x08003639   Thumb Code    60  stm32g4xx_hal_cortex.o(i.HAL_NVIC_SetPriority)
    HAL_NVIC_SetPriorityGrouping             0x08003679   Thumb Code    26  stm32g4xx_hal_cortex.o(i.HAL_NVIC_SetPriorityGrouping)
    HAL_PWREx_ControlVoltageScaling          0x0800369d   Thumb Code   174  stm32g4xx_hal_pwr_ex.o(i.HAL_PWREx_ControlVoltageScaling)
    HAL_PWREx_DisableUCPDDeadBattery         0x08003759   Thumb Code    12  stm32g4xx_hal_pwr_ex.o(i.HAL_PWREx_DisableUCPDDeadBattery)
    HAL_RCCEx_PeriphCLKConfig                0x08003769   Thumb Code   758  stm32g4xx_hal_rcc_ex.o(i.HAL_RCCEx_PeriphCLKConfig)
    HAL_RCC_ClockConfig                      0x08003a69   Thumb Code   444  stm32g4xx_hal_rcc.o(i.HAL_RCC_ClockConfig)
    HAL_RCC_GetPCLK1Freq                     0x08003c45   Thumb Code    24  stm32g4xx_hal_rcc.o(i.HAL_RCC_GetPCLK1Freq)
    HAL_RCC_GetPCLK2Freq                     0x08003c69   Thumb Code    24  stm32g4xx_hal_rcc.o(i.HAL_RCC_GetPCLK2Freq)
    HAL_RCC_GetSysClockFreq                  0x08003c8d   Thumb Code    98  stm32g4xx_hal_rcc.o(i.HAL_RCC_GetSysClockFreq)
    HAL_RCC_OscConfig                        0x08003cfd   Thumb Code  1028  stm32g4xx_hal_rcc.o(i.HAL_RCC_OscConfig)
    HAL_SYSTICK_Config                       0x08004101   Thumb Code    40  stm32g4xx_hal_cortex.o(i.HAL_SYSTICK_Config)
    HAL_TIMEx_Break2Callback                 0x08004129   Thumb Code     2  stm32g4xx_hal_tim_ex.o(i.HAL_TIMEx_Break2Callback)
    HAL_TIMEx_BreakCallback                  0x0800412b   Thumb Code     2  stm32g4xx_hal_tim_ex.o(i.HAL_TIMEx_BreakCallback)
    HAL_TIMEx_CommutCallback                 0x0800412d   Thumb Code     2  stm32g4xx_hal_tim_ex.o(i.HAL_TIMEx_CommutCallback)
    HAL_TIMEx_DirectionChangeCallback        0x0800412f   Thumb Code     2  stm32g4xx_hal_tim_ex.o(i.HAL_TIMEx_DirectionChangeCallback)
    HAL_TIMEx_EncoderIndexCallback           0x08004131   Thumb Code     2  stm32g4xx_hal_tim_ex.o(i.HAL_TIMEx_EncoderIndexCallback)
    HAL_TIMEx_IndexErrorCallback             0x08004133   Thumb Code     2  stm32g4xx_hal_tim_ex.o(i.HAL_TIMEx_IndexErrorCallback)
    HAL_TIMEx_MasterConfigSynchronization    0x08004135   Thumb Code   150  stm32g4xx_hal_tim_ex.o(i.HAL_TIMEx_MasterConfigSynchronization)
    HAL_TIMEx_TransitionErrorCallback        0x080041ed   Thumb Code     2  stm32g4xx_hal_tim_ex.o(i.HAL_TIMEx_TransitionErrorCallback)
    HAL_TIM_Base_Init                        0x080041ef   Thumb Code    98  stm32g4xx_hal_tim.o(i.HAL_TIM_Base_Init)
    HAL_TIM_Base_MspInit                     0x08004251   Thumb Code    50  tim.o(i.HAL_TIM_Base_MspInit)
    HAL_TIM_Base_Start_IT                    0x08004289   Thumb Code   106  stm32g4xx_hal_tim.o(i.HAL_TIM_Base_Start_IT)
    HAL_TIM_ConfigClockSource                0x08004315   Thumb Code   234  stm32g4xx_hal_tim.o(i.HAL_TIM_ConfigClockSource)
    HAL_TIM_IC_CaptureCallback               0x08004405   Thumb Code     2  stm32g4xx_hal_tim.o(i.HAL_TIM_IC_CaptureCallback)
    HAL_TIM_IRQHandler                       0x08004407   Thumb Code   418  stm32g4xx_hal_tim.o(i.HAL_TIM_IRQHandler)
    HAL_TIM_OC_DelayElapsedCallback          0x080045a9   Thumb Code     2  stm32g4xx_hal_tim.o(i.HAL_TIM_OC_DelayElapsedCallback)
    HAL_TIM_PWM_PulseFinishedCallback        0x080045ab   Thumb Code     2  stm32g4xx_hal_tim.o(i.HAL_TIM_PWM_PulseFinishedCallback)
    HAL_TIM_PeriodElapsedCallback            0x080045ad   Thumb Code     2  stm32g4xx_hal_tim.o(i.HAL_TIM_PeriodElapsedCallback)
    HAL_TIM_TriggerCallback                  0x080045af   Thumb Code     2  stm32g4xx_hal_tim.o(i.HAL_TIM_TriggerCallback)
    HAL_UARTEx_DisableFifoMode               0x080045b1   Thumb Code    62  stm32g4xx_hal_uart_ex.o(i.HAL_UARTEx_DisableFifoMode)
    HAL_UARTEx_RxEventCallback               0x080045ef   Thumb Code     2  stm32g4xx_hal_uart.o(i.HAL_UARTEx_RxEventCallback)
    HAL_UARTEx_RxFifoFullCallback            0x080045f1   Thumb Code     2  stm32g4xx_hal_uart_ex.o(i.HAL_UARTEx_RxFifoFullCallback)
    HAL_UARTEx_SetRxFifoThreshold            0x080045f3   Thumb Code    76  stm32g4xx_hal_uart_ex.o(i.HAL_UARTEx_SetRxFifoThreshold)
    HAL_UARTEx_SetTxFifoThreshold            0x0800463f   Thumb Code    76  stm32g4xx_hal_uart_ex.o(i.HAL_UARTEx_SetTxFifoThreshold)
    HAL_UARTEx_TxFifoEmptyCallback           0x0800468b   Thumb Code     2  stm32g4xx_hal_uart_ex.o(i.HAL_UARTEx_TxFifoEmptyCallback)
    HAL_UARTEx_WakeupCallback                0x0800468d   Thumb Code     2  stm32g4xx_hal_uart_ex.o(i.HAL_UARTEx_WakeupCallback)
    HAL_UART_ErrorCallback                   0x0800468f   Thumb Code     2  stm32g4xx_hal_uart.o(i.HAL_UART_ErrorCallback)
    HAL_UART_IRQHandler                      0x08004691   Thumb Code   782  stm32g4xx_hal_uart.o(i.HAL_UART_IRQHandler)
    HAL_UART_Init                            0x080049ad   Thumb Code   106  stm32g4xx_hal_uart.o(i.HAL_UART_Init)
    HAL_UART_MspInit                         0x08004a19   Thumb Code   170  usart.o(i.HAL_UART_MspInit)
    HAL_UART_TxCpltCallback                  0x08004ad5   Thumb Code     2  stm32g4xx_hal_uart.o(i.HAL_UART_TxCpltCallback)
    HardFault_Handler                        0x08004e4d   Thumb Code     2  stm32g4xx_it.o(i.HardFault_Handler)
    Key_Scan                                 0x0800513b   Thumb Code    32  function.o(i.Key_Scan)
    MX_ADC1_Init                             0x080051bd   Thumb Code   136  adc.o(i.MX_ADC1_Init)
    MX_DMA_Init                              0x0800524d   Thumb Code    88  dma.o(i.MX_DMA_Init)
    MX_GPIO_Init                             0x080052a9   Thumb Code   148  gpio.o(i.MX_GPIO_Init)
    MX_HRTIM1_Init                           0x08005349   Thumb Code   524  hrtim.o(i.MX_HRTIM1_Init)
    MX_I2C3_Init                             0x08005561   Thumb Code    76  i2c.o(i.MX_I2C3_Init)
    MX_TIM2_Init                             0x080055b9   Thumb Code   100  tim.o(i.MX_TIM2_Init)
    MX_USART2_UART_Init                      0x08005621   Thumb Code    94  usart.o(i.MX_USART2_UART_Init)
    MemManage_Handler                        0x08005689   Thumb Code     2  stm32g4xx_it.o(i.MemManage_Handler)
    Mode_Switch                              0x0800568d   Thumb Code   130  function.o(i.Mode_Switch)
    NMI_Handler                              0x08005735   Thumb Code     2  stm32g4xx_it.o(i.NMI_Handler)
    OLEDShowData                             0x08005739   Thumb Code    82  oled.o(i.OLEDShowData)
    OLED_CLS                                 0x080057b5   Thumb Code    18  oled.o(i.OLED_CLS)
    OLED_Fill                                0x080057c9   Thumb Code    56  oled.o(i.OLED_Fill)
    OLED_Init                                0x08005801   Thumb Code   186  oled.o(i.OLED_Init)
    OLED_ON                                  0x080058bb   Thumb Code    24  oled.o(i.OLED_ON)
    OLED_SetPos                              0x080058d3   Thumb Code    38  oled.o(i.OLED_SetPos)
    OLED_ShowStr                             0x080058f9   Thumb Code   208  oled.o(i.OLED_ShowStr)
    Open_Mode_Init                           0x080059d1   Thumb Code   232  function.o(i.Open_Mode_Init)
    PendSV_Handler                           0x08005af9   Thumb Code     2  stm32g4xx_it.o(i.PendSV_Handler)
    SVC_Handler                              0x08005afb   Thumb Code     2  stm32g4xx_it.o(i.SVC_Handler)
    SetDeadTimeManual                        0x08005afd   Thumb Code   112  function.o(i.SetDeadTimeManual)
    SetPWMFrequency                          0x08005b75   Thumb Code   172  function.o(i.SetPWMFrequency)
    SysTick_Handler                          0x08005c3d   Thumb Code     4  stm32g4xx_it.o(i.SysTick_Handler)
    SystemClock_Config                       0x08005c41   Thumb Code   102  main.o(i.SystemClock_Config)
    SystemInit                               0x08005ca9   Thumb Code    12  system_stm32g4xx.o(i.SystemInit)
    TIM2_IRQHandler                          0x08005cb9   Thumb Code     6  stm32g4xx_it.o(i.TIM2_IRQHandler)
    TIM_Base_SetConfig                       0x08005cc5   Thumb Code   190  stm32g4xx_hal_tim.o(i.TIM_Base_SetConfig)
    TIM_ETR_SetConfig                        0x08005da9   Thumb Code    20  stm32g4xx_hal_tim.o(i.TIM_ETR_SetConfig)
    UART_AdvFeatureConfig                    0x08005e5d   Thumb Code   200  stm32g4xx_hal_uart.o(i.UART_AdvFeatureConfig)
    UART_CheckIdleState                      0x08005f25   Thumb Code   172  stm32g4xx_hal_uart.o(i.UART_CheckIdleState)
    UART_SetConfig                           0x08006035   Thumb Code   614  stm32g4xx_hal_uart.o(i.UART_SetConfig)
    UART_WaitOnFlagUntilTimeout              0x080062cd   Thumb Code   148  stm32g4xx_hal_uart.o(i.UART_WaitOnFlagUntilTimeout)
    USART2_IRQHandler                        0x08006361   Thumb Code     6  stm32g4xx_it.o(i.USART2_IRQHandler)
    UpdateDisplay                            0x0800636d   Thumb Code   362  function.o(i.UpdateDisplay)
    UsageFault_Handler                       0x08006511   Thumb Code     2  stm32g4xx_it.o(i.UsageFault_Handler)
    WriteCmd                                 0x08006515   Thumb Code    30  oled.o(i.WriteCmd)
    WriteDat                                 0x08006539   Thumb Code    30  oled.o(i.WriteDat)
    __ARM_fpclassify                         0x0800655d   Thumb Code    48  fpclassify.o(i.__ARM_fpclassify)
    _is_digit                                0x080065ad   Thumb Code    14  __printf_wp.o(i._is_digit)
    main                                     0x080065bd   Thumb Code   102  main.o(i.main)
    _get_lc_numeric                          0x08006635   Thumb Code    44  lc_numeric_c.o(locale$$code)
    __fpl_dretinf                            0x08006661   Thumb Code    12  dretinf.o(x$fpl$dretinf)
    __aeabi_f2d                              0x0800666d   Thumb Code     0  f2d.o(x$fpl$f2d)
    _f2d                                     0x0800666d   Thumb Code    86  f2d.o(x$fpl$f2d)
    __fpl_fnaninf                            0x080066c3   Thumb Code   140  fnaninf.o(x$fpl$fnaninf)
    _fp_init                                 0x0800674f   Thumb Code    10  fpinit.o(x$fpl$fpinit)
    __fplib_config_fpu_vfp                   0x08006757   Thumb Code     0  fpinit.o(x$fpl$fpinit)
    __fplib_config_pureend_doubles           0x08006757   Thumb Code     0  fpinit.o(x$fpl$fpinit)
    _printf_fp_dec                           0x08006759   Thumb Code     4  printf1.o(x$fpl$printf1)
    F6x8                                     0x0800675c   Data         552  oled.o(.constdata)
    __I$use$fp                               0x0800675c   Number         0  usenofp.o(x$fpl$usenofp)
    F8X16                                    0x08006984   Data        1520  oled.o(.constdata)
    UARTPrescTable                           0x08006f74   Data          24  stm32g4xx_hal_uart.o(.constdata)
    AHBPrescTable                            0x08006f9c   Data          16  system_stm32g4xx.o(.constdata)
    APBPrescTable                            0x08006fac   Data           8  system_stm32g4xx.o(.constdata)
    Region$$Table$$Base                      0x08007048   Number         0  anon$$obj.o(Region$$Table)
    Region$$Table$$Limit                     0x08007068   Number         0  anon$$obj.o(Region$$Table)
    STState                                  0x20000000   Data           1  function.o(.data)
    gCurrentDeadTimePercent                  0x20000001   Data           1  function.o(.data)
    gCurrentDutyPercent_TA2_TB2              0x20000002   Data           1  function.o(.data)
    currentMode                              0x20000003   Data           1  function.o(.data)
    currentPWMFreq                           0x20000024   Data           4  function.o(.data)
    currentPLLFreq                           0x20000028   Data           4  function.o(.data)
    ADC1_RESULT                              0x20000044   Data           8  function.o(.data)
    SADC                                     0x2000004c   Data          40  function.o(.data)
    CtrValue                                 0x20000074   Data          24  function.o(.data)
    uwTickPrio                               0x2000008c   Data           4  stm32g4xx_hal.o(.data)
    uwTickFreq                               0x20000090   Data           4  stm32g4xx_hal.o(.data)
    uwTick                                   0x20000094   Data           4  stm32g4xx_hal.o(.data)
    SystemCoreClock                          0x20000098   Data           4  system_stm32g4xx.o(.data)
    DF                                       0x2000009c   Data          12  function.o(.bss)
    pGlobalTimeBaseCfg                       0x200000a8   Data          16  function.o(.bss)
    hadc1                                    0x200000b8   Data         108  adc.o(.bss)
    hdma_adc1                                0x20000124   Data          96  adc.o(.bss)
    hhrtim1                                  0x20000184   Data         252  hrtim.o(.bss)
    hi2c3                                    0x20000280   Data          84  i2c.o(.bss)
    hdma_i2c3_tx                             0x200002d4   Data          96  i2c.o(.bss)
    htim2                                    0x20000334   Data          76  tim.o(.bss)
    huart2                                   0x20000380   Data         148  usart.o(.bss)
    hdma_usart2_tx                           0x20000414   Data          96  usart.o(.bss)
    __libspace_start                         0x20000474   Data          96  libspace.o(.bss)
    __temporary_stack_top$libspace           0x200004d4   Data           0  libspace.o(.bss)



==============================================================================

Memory Map of the image

  Image Entry point : 0x080001d9

  Load Region LR_IROM1 (Base: 0x08000000, Size: 0x00007120, Max: 0x00080000, ABSOLUTE)

    Execution Region ER_IROM1 (Exec base: 0x08000000, Load base: 0x08000000, Size: 0x00007084, Max: 0x00080000, ABSOLUTE)

    Exec Addr    Load Addr    Size         Type   Attr      Idx    E Section Name        Object

    0x08000000   0x08000000   0x000001d8   Data   RO            3    RESET               startup_stm32g474xx.o
    0x080001d8   0x080001d8   0x00000008   Code   RO         6063  * !!!main             c_w.l(__main.o)
    0x080001e0   0x080001e0   0x00000034   Code   RO         6291    !!!scatter          c_w.l(__scatter.o)
    0x08000214   0x08000214   0x0000001a   Code   RO         6293    !!handler_copy      c_w.l(__scatter_copy.o)
    0x0800022e   0x0800022e   0x00000002   PAD
    0x08000230   0x08000230   0x0000001c   Code   RO         6295    !!handler_zi        c_w.l(__scatter_zi.o)
    0x0800024c   0x0800024c   0x00000000   Code   RO         6058    .ARM.Collect$$_printf_percent$$00000000  c_w.l(_printf_percent.o)
    0x0800024c   0x0800024c   0x00000006   Code   RO         6057    .ARM.Collect$$_printf_percent$$00000003  c_w.l(_printf_f.o)
    0x08000252   0x08000252   0x00000004   Code   RO         6080    .ARM.Collect$$_printf_percent$$00000017  c_w.l(_printf_percent_end.o)
    0x08000256   0x08000256   0x00000002   Code   RO         6164    .ARM.Collect$$libinit$$00000000  c_w.l(libinit.o)
    0x08000258   0x08000258   0x00000004   Code   RO         6165    .ARM.Collect$$libinit$$00000001  c_w.l(libinit2.o)
    0x0800025c   0x0800025c   0x00000000   Code   RO         6168    .ARM.Collect$$libinit$$00000004  c_w.l(libinit2.o)
    0x0800025c   0x0800025c   0x00000000   Code   RO         6171    .ARM.Collect$$libinit$$0000000A  c_w.l(libinit2.o)
    0x0800025c   0x0800025c   0x00000000   Code   RO         6173    .ARM.Collect$$libinit$$0000000C  c_w.l(libinit2.o)
    0x0800025c   0x0800025c   0x00000000   Code   RO         6175    .ARM.Collect$$libinit$$0000000E  c_w.l(libinit2.o)
    0x0800025c   0x0800025c   0x00000006   Code   RO         6176    .ARM.Collect$$libinit$$0000000F  c_w.l(libinit2.o)
    0x08000262   0x08000262   0x00000000   Code   RO         6178    .ARM.Collect$$libinit$$00000011  c_w.l(libinit2.o)
    0x08000262   0x08000262   0x00000000   Code   RO         6180    .ARM.Collect$$libinit$$00000013  c_w.l(libinit2.o)
    0x08000262   0x08000262   0x00000000   Code   RO         6182    .ARM.Collect$$libinit$$00000015  c_w.l(libinit2.o)
    0x08000262   0x08000262   0x0000000a   Code   RO         6183    .ARM.Collect$$libinit$$00000016  c_w.l(libinit2.o)
    0x0800026c   0x0800026c   0x00000000   Code   RO         6184    .ARM.Collect$$libinit$$00000017  c_w.l(libinit2.o)
    0x0800026c   0x0800026c   0x00000000   Code   RO         6186    .ARM.Collect$$libinit$$00000019  c_w.l(libinit2.o)
    0x0800026c   0x0800026c   0x00000000   Code   RO         6188    .ARM.Collect$$libinit$$0000001B  c_w.l(libinit2.o)
    0x0800026c   0x0800026c   0x00000000   Code   RO         6190    .ARM.Collect$$libinit$$0000001D  c_w.l(libinit2.o)
    0x0800026c   0x0800026c   0x00000000   Code   RO         6192    .ARM.Collect$$libinit$$0000001F  c_w.l(libinit2.o)
    0x0800026c   0x0800026c   0x00000000   Code   RO         6194    .ARM.Collect$$libinit$$00000021  c_w.l(libinit2.o)
    0x0800026c   0x0800026c   0x00000000   Code   RO         6196    .ARM.Collect$$libinit$$00000023  c_w.l(libinit2.o)
    0x0800026c   0x0800026c   0x00000000   Code   RO         6198    .ARM.Collect$$libinit$$00000025  c_w.l(libinit2.o)
    0x0800026c   0x0800026c   0x00000000   Code   RO         6202    .ARM.Collect$$libinit$$0000002C  c_w.l(libinit2.o)
    0x0800026c   0x0800026c   0x00000000   Code   RO         6204    .ARM.Collect$$libinit$$0000002E  c_w.l(libinit2.o)
    0x0800026c   0x0800026c   0x00000000   Code   RO         6206    .ARM.Collect$$libinit$$00000030  c_w.l(libinit2.o)
    0x0800026c   0x0800026c   0x00000000   Code   RO         6208    .ARM.Collect$$libinit$$00000032  c_w.l(libinit2.o)
    0x0800026c   0x0800026c   0x00000002   Code   RO         6209    .ARM.Collect$$libinit$$00000033  c_w.l(libinit2.o)
    0x0800026e   0x0800026e   0x00000002   Code   RO         6256    .ARM.Collect$$libshutdown$$00000000  c_w.l(libshutdown.o)
    0x08000270   0x08000270   0x00000000   Code   RO         6274    .ARM.Collect$$libshutdown$$00000002  c_w.l(libshutdown2.o)
    0x08000270   0x08000270   0x00000000   Code   RO         6276    .ARM.Collect$$libshutdown$$00000004  c_w.l(libshutdown2.o)
    0x08000270   0x08000270   0x00000000   Code   RO         6279    .ARM.Collect$$libshutdown$$00000007  c_w.l(libshutdown2.o)
    0x08000270   0x08000270   0x00000000   Code   RO         6282    .ARM.Collect$$libshutdown$$0000000A  c_w.l(libshutdown2.o)
    0x08000270   0x08000270   0x00000000   Code   RO         6284    .ARM.Collect$$libshutdown$$0000000C  c_w.l(libshutdown2.o)
    0x08000270   0x08000270   0x00000000   Code   RO         6287    .ARM.Collect$$libshutdown$$0000000F  c_w.l(libshutdown2.o)
    0x08000270   0x08000270   0x00000002   Code   RO         6288    .ARM.Collect$$libshutdown$$00000010  c_w.l(libshutdown2.o)
    0x08000272   0x08000272   0x00000000   Code   RO         6069    .ARM.Collect$$rtentry$$00000000  c_w.l(__rtentry.o)
    0x08000272   0x08000272   0x00000000   Code   RO         6087    .ARM.Collect$$rtentry$$00000002  c_w.l(__rtentry2.o)
    0x08000272   0x08000272   0x00000006   Code   RO         6099    .ARM.Collect$$rtentry$$00000004  c_w.l(__rtentry4.o)
    0x08000278   0x08000278   0x00000000   Code   RO         6089    .ARM.Collect$$rtentry$$00000009  c_w.l(__rtentry2.o)
    0x08000278   0x08000278   0x00000004   Code   RO         6090    .ARM.Collect$$rtentry$$0000000A  c_w.l(__rtentry2.o)
    0x0800027c   0x0800027c   0x00000000   Code   RO         6092    .ARM.Collect$$rtentry$$0000000C  c_w.l(__rtentry2.o)
    0x0800027c   0x0800027c   0x00000008   Code   RO         6093    .ARM.Collect$$rtentry$$0000000D  c_w.l(__rtentry2.o)
    0x08000284   0x08000284   0x00000002   Code   RO         6210    .ARM.Collect$$rtexit$$00000000  c_w.l(rtexit.o)
    0x08000286   0x08000286   0x00000000   Code   RO         6225    .ARM.Collect$$rtexit$$00000002  c_w.l(rtexit2.o)
    0x08000286   0x08000286   0x00000004   Code   RO         6226    .ARM.Collect$$rtexit$$00000003  c_w.l(rtexit2.o)
    0x0800028a   0x0800028a   0x00000006   Code   RO         6227    .ARM.Collect$$rtexit$$00000004  c_w.l(rtexit2.o)
    0x08000290   0x08000290   0x00000040   Code   RO            4    .text               startup_stm32g474xx.o
    0x080002d0   0x080002d0   0x000000ee   Code   RO         6029    .text               c_w.l(lludivv7m.o)
    0x080003be   0x080003be   0x00000002   PAD
    0x080003c0   0x080003c0   0x00000028   Code   RO         6033    .text               c_w.l(noretval__2sprintf.o)
    0x080003e8   0x080003e8   0x0000010e   Code   RO         6045    .text               c_w.l(__printf_wp.o)
    0x080004f6   0x080004f6   0x0000004e   Code   RO         6059    .text               c_w.l(rt_memclr_w.o)
    0x08000544   0x08000544   0x00000006   Code   RO         6061    .text               c_w.l(heapauxi.o)
    0x0800054a   0x0800054a   0x0000041e   Code   RO         6074    .text               c_w.l(_printf_fp_dec.o)
    0x08000968   0x08000968   0x00000030   Code   RO         6076    .text               c_w.l(_printf_char_common.o)
    0x08000998   0x08000998   0x0000000a   Code   RO         6078    .text               c_w.l(_sputc.o)
    0x080009a2   0x080009a2   0x00000002   PAD
    0x080009a4   0x080009a4   0x00000008   Code   RO         6106    .text               c_w.l(rt_locale_intlibspace.o)
    0x080009ac   0x080009ac   0x0000008a   Code   RO         6108    .text               c_w.l(lludiv10.o)
    0x08000a36   0x08000a36   0x00000002   PAD
    0x08000a38   0x08000a38   0x00000080   Code   RO         6110    .text               c_w.l(_printf_fp_infnan.o)
    0x08000ab8   0x08000ab8   0x000000e4   Code   RO         6114    .text               c_w.l(bigflt0.o)
    0x08000b9c   0x08000b9c   0x00000008   Code   RO         6146    .text               c_w.l(libspace.o)
    0x08000ba4   0x08000ba4   0x0000004a   Code   RO         6149    .text               c_w.l(sys_stackheap_outer.o)
    0x08000bee   0x08000bee   0x00000012   Code   RO         6151    .text               c_w.l(exit.o)
    0x08000c00   0x08000c00   0x00000080   Code   RO         6157    .text               c_w.l(strcmpv7m.o)
    0x08000c80   0x08000c80   0x0000000c   Code   RO         6222    .text               c_w.l(sys_exit.o)
    0x08000c8c   0x08000c8c   0x00000002   Code   RO         6243    .text               c_w.l(use_no_semi.o)
    0x08000c8e   0x08000c8e   0x00000000   Code   RO         6245    .text               c_w.l(indicate_semi.o)
    0x08000c8e   0x08000c8e   0x0000003e   Code   RO         6117    CL$$btod_d2e        c_w.l(btod.o)
    0x08000ccc   0x08000ccc   0x00000046   Code   RO         6119    CL$$btod_d2e_denorm_low  c_w.l(btod.o)
    0x08000d12   0x08000d12   0x00000060   Code   RO         6118    CL$$btod_d2e_norm_op1  c_w.l(btod.o)
    0x08000d72   0x08000d72   0x00000338   Code   RO         6127    CL$$btod_div_common  c_w.l(btod.o)
    0x080010aa   0x080010aa   0x000000dc   Code   RO         6124    CL$$btod_e2e        c_w.l(btod.o)
    0x08001186   0x08001186   0x0000002a   Code   RO         6121    CL$$btod_ediv       c_w.l(btod.o)
    0x080011b0   0x080011b0   0x0000002a   Code   RO         6120    CL$$btod_emul       c_w.l(btod.o)
    0x080011da   0x080011da   0x00000244   Code   RO         6126    CL$$btod_mult_common  c_w.l(btod.o)
    0x0800141e   0x0800141e   0x00000002   PAD
    0x08001420   0x08001420   0x000000a0   Code   RO          186    ccmram              function.o
    0x080014c0   0x080014c0   0x0000000c   Code   RO          834    i.ADC1_2_IRQHandler  stm32g4xx_it.o
    0x080014cc   0x080014cc   0x00000068   Code   RO          968    i.ADC_DMAConvCplt   stm32g4xx_hal_adc.o
    0x08001534   0x08001534   0x0000001a   Code   RO          969    i.ADC_DMAError      stm32g4xx_hal_adc.o
    0x0800154e   0x0800154e   0x0000000a   Code   RO          970    i.ADC_DMAHalfConvCplt  stm32g4xx_hal_adc.o
    0x08001558   0x08001558   0x000000c4   Code   RO          972    i.ADC_Enable        stm32g4xx_hal_adc.o
    0x0800161c   0x0800161c   0x00000002   Code   RO          835    i.BusFault_Handler  stm32g4xx_it.o
    0x0800161e   0x0800161e   0x00000002   PAD
    0x08001620   0x08001620   0x000001ec   Code   RO          188    i.Button_Task       function.o
    0x0800180c   0x0800180c   0x0000000c   Code   RO          836    i.DMA1_Channel1_IRQHandler  stm32g4xx_it.o
    0x08001818   0x08001818   0x0000000c   Code   RO          837    i.DMA1_Channel2_IRQHandler  stm32g4xx_it.o
    0x08001824   0x08001824   0x0000000c   Code   RO          838    i.DMA1_Channel3_IRQHandler  stm32g4xx_it.o
    0x08001830   0x08001830   0x00000040   Code   RO         2281    i.DMA_CalcDMAMUXChannelBaseAndMask  stm32g4xx_hal_dma.o
    0x08001870   0x08001870   0x00000024   Code   RO         2282    i.DMA_CalcDMAMUXRequestGenBaseAndMask  stm32g4xx_hal_dma.o
    0x08001894   0x08001894   0x0000003e   Code   RO         2283    i.DMA_SetConfig     stm32g4xx_hal_dma.o
    0x080018d2   0x080018d2   0x00000002   Code   RO          839    i.DebugMon_Handler  stm32g4xx_it.o
    0x080018d4   0x080018d4   0x0000002c   Code   RO          189    i.DisplayDeadTime   function.o
    0x08001900   0x08001900   0x00000030   Code   RO          190    i.DisplayDutyCycle  function.o
    0x08001930   0x08001930   0x00000004   Code   RO          519    i.Error_Handler     main.o
    0x08001934   0x08001934   0x00000002   Code   RO         1209    i.HAL_ADCEx_EndOfSamplingCallback  stm32g4xx_hal_adc_ex.o
    0x08001936   0x08001936   0x00000002   Code   RO         1212    i.HAL_ADCEx_InjectedConvCpltCallback  stm32g4xx_hal_adc_ex.o
    0x08001938   0x08001938   0x00000002   Code   RO         1215    i.HAL_ADCEx_InjectedQueueOverflowCallback  stm32g4xx_hal_adc_ex.o
    0x0800193a   0x0800193a   0x00000002   Code   RO         1220    i.HAL_ADCEx_LevelOutOfWindow2Callback  stm32g4xx_hal_adc_ex.o
    0x0800193c   0x0800193c   0x00000002   Code   RO         1221    i.HAL_ADCEx_LevelOutOfWindow3Callback  stm32g4xx_hal_adc_ex.o
    0x0800193e   0x0800193e   0x00000002   PAD
    0x08001940   0x08001940   0x00000160   Code   RO         1222    i.HAL_ADCEx_MultiModeConfigChannel  stm32g4xx_hal_adc_ex.o
    0x08001aa0   0x08001aa0   0x0000046c   Code   RO          974    i.HAL_ADC_ConfigChannel  stm32g4xx_hal_adc.o
    0x08001f0c   0x08001f0c   0x00000002   Code   RO          975    i.HAL_ADC_ConvCpltCallback  stm32g4xx_hal_adc.o
    0x08001f0e   0x08001f0e   0x00000002   Code   RO          976    i.HAL_ADC_ConvHalfCpltCallback  stm32g4xx_hal_adc.o
    0x08001f10   0x08001f10   0x00000002   Code   RO          978    i.HAL_ADC_ErrorCallback  stm32g4xx_hal_adc.o
    0x08001f12   0x08001f12   0x00000002   PAD
    0x08001f14   0x08001f14   0x000002b8   Code   RO          982    i.HAL_ADC_IRQHandler  stm32g4xx_hal_adc.o
    0x080021cc   0x080021cc   0x00000230   Code   RO          983    i.HAL_ADC_Init      stm32g4xx_hal_adc.o
    0x080023fc   0x080023fc   0x00000002   Code   RO          984    i.HAL_ADC_LevelOutOfWindowCallback  stm32g4xx_hal_adc.o
    0x080023fe   0x080023fe   0x00000002   PAD
    0x08002400   0x08002400   0x000000b8   Code   RO          594    i.HAL_ADC_MspInit   adc.o
    0x080024b8   0x080024b8   0x00000138   Code   RO          989    i.HAL_ADC_Start     stm32g4xx_hal_adc.o
    0x080025f0   0x080025f0   0x0000012c   Code   RO          991    i.HAL_ADC_Start_DMA  stm32g4xx_hal_adc.o
    0x0800271c   0x0800271c   0x0000006a   Code   RO         2284    i.HAL_DMA_Abort     stm32g4xx_hal_dma.o
    0x08002786   0x08002786   0x00000078   Code   RO         2285    i.HAL_DMA_Abort_IT  stm32g4xx_hal_dma.o
    0x080027fe   0x080027fe   0x000000ba   Code   RO         2289    i.HAL_DMA_IRQHandler  stm32g4xx_hal_dma.o
    0x080028b8   0x080028b8   0x000000c0   Code   RO         2290    i.HAL_DMA_Init      stm32g4xx_hal_dma.o
    0x08002978   0x08002978   0x0000008c   Code   RO         2294    i.HAL_DMA_Start_IT  stm32g4xx_hal_dma.o
    0x08002a04   0x08002a04   0x00000024   Code   RO         1421    i.HAL_Delay         stm32g4xx_hal.o
    0x08002a28   0x08002a28   0x00000248   Code   RO         2146    i.HAL_GPIO_Init     stm32g4xx_hal_gpio.o
    0x08002c70   0x08002c70   0x0000000a   Code   RO         2148    i.HAL_GPIO_ReadPin  stm32g4xx_hal_gpio.o
    0x08002c7a   0x08002c7a   0x00000010   Code   RO         2149    i.HAL_GPIO_TogglePin  stm32g4xx_hal_gpio.o
    0x08002c8a   0x08002c8a   0x0000000a   Code   RO         2150    i.HAL_GPIO_WritePin  stm32g4xx_hal_gpio.o
    0x08002c94   0x08002c94   0x0000000c   Code   RO         1425    i.HAL_GetTick       stm32g4xx_hal.o
    0x08002ca0   0x08002ca0   0x00000062   Code   RO         2954    i.HAL_HRTIM_DLLCalibrationStart  stm32g4xx_hal_hrtim.o
    0x08002d02   0x08002d02   0x00000002   PAD
    0x08002d04   0x08002d04   0x000000c0   Code   RO         2987    i.HAL_HRTIM_Init    stm32g4xx_hal_hrtim.o
    0x08002dc4   0x08002dc4   0x00000028   Code   RO          660    i.HAL_HRTIM_MspInit  hrtim.o
    0x08002dec   0x08002dec   0x00000054   Code   RO          661    i.HAL_HRTIM_MspPostInit  hrtim.o
    0x08002e40   0x08002e40   0x00000042   Code   RO         2996    i.HAL_HRTIM_PollForDLLCalibration  stm32g4xx_hal_hrtim.o
    0x08002e82   0x08002e82   0x00000030   Code   RO         3033    i.HAL_HRTIM_SoftwareReset  stm32g4xx_hal_hrtim.o
    0x08002eb2   0x08002eb2   0x0000007a   Code   RO         3038    i.HAL_HRTIM_TimeBaseConfig  stm32g4xx_hal_hrtim.o
    0x08002f2c   0x08002f2c   0x00000134   Code   RO         3044    i.HAL_HRTIM_WaveformCompareConfig  stm32g4xx_hal_hrtim.o
    0x08003060   0x08003060   0x0000002c   Code   RO         3045    i.HAL_HRTIM_WaveformCountStart  stm32g4xx_hal_hrtim.o
    0x0800308c   0x0800308c   0x00000036   Code   RO         3053    i.HAL_HRTIM_WaveformOutputConfig  stm32g4xx_hal_hrtim.o
    0x080030c2   0x080030c2   0x00000030   Code   RO         3054    i.HAL_HRTIM_WaveformOutputStart  stm32g4xx_hal_hrtim.o
    0x080030f2   0x080030f2   0x00000090   Code   RO         3057    i.HAL_HRTIM_WaveformTimerConfig  stm32g4xx_hal_hrtim.o
    0x08003182   0x08003182   0x00000084   Code   RO         3058    i.HAL_HRTIM_WaveformTimerControl  stm32g4xx_hal_hrtim.o
    0x08003206   0x08003206   0x00000056   Code   RO         4255    i.HAL_I2CEx_ConfigAnalogFilter  stm32g4xx_hal_i2c_ex.o
    0x0800325c   0x0800325c   0x00000052   Code   RO         4256    i.HAL_I2CEx_ConfigDigitalFilter  stm32g4xx_hal_i2c_ex.o
    0x080032ae   0x080032ae   0x00000002   PAD
    0x080032b0   0x080032b0   0x000000bc   Code   RO         3794    i.HAL_I2C_Init      stm32g4xx_hal_i2c.o
    0x0800336c   0x0800336c   0x00000158   Code   RO         3815    i.HAL_I2C_Mem_Write  stm32g4xx_hal_i2c.o
    0x080034c4   0x080034c4   0x000000b4   Code   RO          709    i.HAL_I2C_MspInit   i2c.o
    0x08003578   0x08003578   0x00000010   Code   RO         1431    i.HAL_IncTick       stm32g4xx_hal.o
    0x08003588   0x08003588   0x0000001e   Code   RO         1432    i.HAL_Init          stm32g4xx_hal.o
    0x080035a6   0x080035a6   0x00000002   PAD
    0x080035a8   0x080035a8   0x00000044   Code   RO         1433    i.HAL_InitTick      stm32g4xx_hal.o
    0x080035ec   0x080035ec   0x00000030   Code   RO          943    i.HAL_MspInit       stm32g4xx_hal_msp.o
    0x0800361c   0x0800361c   0x0000001a   Code   RO         2795    i.HAL_NVIC_EnableIRQ  stm32g4xx_hal_cortex.o
    0x08003636   0x08003636   0x00000002   PAD
    0x08003638   0x08003638   0x00000040   Code   RO         2801    i.HAL_NVIC_SetPriority  stm32g4xx_hal_cortex.o
    0x08003678   0x08003678   0x00000024   Code   RO         2802    i.HAL_NVIC_SetPriorityGrouping  stm32g4xx_hal_cortex.o
    0x0800369c   0x0800369c   0x000000bc   Code   RO         2549    i.HAL_PWREx_ControlVoltageScaling  stm32g4xx_hal_pwr_ex.o
    0x08003758   0x08003758   0x00000010   Code   RO         2561    i.HAL_PWREx_DisableUCPDDeadBattery  stm32g4xx_hal_pwr_ex.o
    0x08003768   0x08003768   0x00000300   Code   RO         1792    i.HAL_RCCEx_PeriphCLKConfig  stm32g4xx_hal_rcc_ex.o
    0x08003a68   0x08003a68   0x000001dc   Code   RO         1667    i.HAL_RCC_ClockConfig  stm32g4xx_hal_rcc.o
    0x08003c44   0x08003c44   0x00000024   Code   RO         1675    i.HAL_RCC_GetPCLK1Freq  stm32g4xx_hal_rcc.o
    0x08003c68   0x08003c68   0x00000024   Code   RO         1676    i.HAL_RCC_GetPCLK2Freq  stm32g4xx_hal_rcc.o
    0x08003c8c   0x08003c8c   0x00000070   Code   RO         1677    i.HAL_RCC_GetSysClockFreq  stm32g4xx_hal_rcc.o
    0x08003cfc   0x08003cfc   0x00000404   Code   RO         1680    i.HAL_RCC_OscConfig  stm32g4xx_hal_rcc.o
    0x08004100   0x08004100   0x00000028   Code   RO         2806    i.HAL_SYSTICK_Config  stm32g4xx_hal_cortex.o
    0x08004128   0x08004128   0x00000002   Code   RO         5025    i.HAL_TIMEx_Break2Callback  stm32g4xx_hal_tim_ex.o
    0x0800412a   0x0800412a   0x00000002   Code   RO         5026    i.HAL_TIMEx_BreakCallback  stm32g4xx_hal_tim_ex.o
    0x0800412c   0x0800412c   0x00000002   Code   RO         5027    i.HAL_TIMEx_CommutCallback  stm32g4xx_hal_tim_ex.o
    0x0800412e   0x0800412e   0x00000002   Code   RO         5038    i.HAL_TIMEx_DirectionChangeCallback  stm32g4xx_hal_tim_ex.o
    0x08004130   0x08004130   0x00000002   Code   RO         5052    i.HAL_TIMEx_EncoderIndexCallback  stm32g4xx_hal_tim_ex.o
    0x08004132   0x08004132   0x00000002   Code   RO         5066    i.HAL_TIMEx_IndexErrorCallback  stm32g4xx_hal_tim_ex.o
    0x08004134   0x08004134   0x000000b8   Code   RO         5067    i.HAL_TIMEx_MasterConfigSynchronization  stm32g4xx_hal_tim_ex.o
    0x080041ec   0x080041ec   0x00000002   Code   RO         5088    i.HAL_TIMEx_TransitionErrorCallback  stm32g4xx_hal_tim_ex.o
    0x080041ee   0x080041ee   0x00000062   Code   RO         4311    i.HAL_TIM_Base_Init  stm32g4xx_hal_tim.o
    0x08004250   0x08004250   0x00000038   Code   RO          751    i.HAL_TIM_Base_MspInit  tim.o
    0x08004288   0x08004288   0x0000008c   Code   RO         4316    i.HAL_TIM_Base_Start_IT  stm32g4xx_hal_tim.o
    0x08004314   0x08004314   0x000000f0   Code   RO         4320    i.HAL_TIM_ConfigClockSource  stm32g4xx_hal_tim.o
    0x08004404   0x08004404   0x00000002   Code   RO         4345    i.HAL_TIM_IC_CaptureCallback  stm32g4xx_hal_tim.o
    0x08004406   0x08004406   0x000001a2   Code   RO         4359    i.HAL_TIM_IRQHandler  stm32g4xx_hal_tim.o
    0x080045a8   0x080045a8   0x00000002   Code   RO         4362    i.HAL_TIM_OC_DelayElapsedCallback  stm32g4xx_hal_tim.o
    0x080045aa   0x080045aa   0x00000002   Code   RO         4389    i.HAL_TIM_PWM_PulseFinishedCallback  stm32g4xx_hal_tim.o
    0x080045ac   0x080045ac   0x00000002   Code   RO         4397    i.HAL_TIM_PeriodElapsedCallback  stm32g4xx_hal_tim.o
    0x080045ae   0x080045ae   0x00000002   Code   RO         4402    i.HAL_TIM_TriggerCallback  stm32g4xx_hal_tim.o
    0x080045b0   0x080045b0   0x0000003e   Code   RO         5874    i.HAL_UARTEx_DisableFifoMode  stm32g4xx_hal_uart_ex.o
    0x080045ee   0x080045ee   0x00000002   Code   RO         5463    i.HAL_UARTEx_RxEventCallback  stm32g4xx_hal_uart.o
    0x080045f0   0x080045f0   0x00000002   Code   RO         5882    i.HAL_UARTEx_RxFifoFullCallback  stm32g4xx_hal_uart_ex.o
    0x080045f2   0x080045f2   0x0000004c   Code   RO         5883    i.HAL_UARTEx_SetRxFifoThreshold  stm32g4xx_hal_uart_ex.o
    0x0800463e   0x0800463e   0x0000004c   Code   RO         5884    i.HAL_UARTEx_SetTxFifoThreshold  stm32g4xx_hal_uart_ex.o
    0x0800468a   0x0800468a   0x00000002   Code   RO         5886    i.HAL_UARTEx_TxFifoEmptyCallback  stm32g4xx_hal_uart_ex.o
    0x0800468c   0x0800468c   0x00000002   Code   RO         5887    i.HAL_UARTEx_WakeupCallback  stm32g4xx_hal_uart_ex.o
    0x0800468e   0x0800468e   0x00000002   Code   RO         5479    i.HAL_UART_ErrorCallback  stm32g4xx_hal_uart.o
    0x08004690   0x08004690   0x0000031c   Code   RO         5482    i.HAL_UART_IRQHandler  stm32g4xx_hal_uart.o
    0x080049ac   0x080049ac   0x0000006a   Code   RO         5483    i.HAL_UART_Init     stm32g4xx_hal_uart.o
    0x08004a16   0x08004a16   0x00000002   PAD
    0x08004a18   0x08004a18   0x000000bc   Code   RO          793    i.HAL_UART_MspInit  usart.o
    0x08004ad4   0x08004ad4   0x00000002   Code   RO         5495    i.HAL_UART_TxCpltCallback  stm32g4xx_hal_uart.o
    0x08004ad6   0x08004ad6   0x00000068   Code   RO         3065    i.HRTIM_ForceRegistersUpdate  stm32g4xx_hal_hrtim.o
    0x08004b3e   0x08004b3e   0x00000002   PAD
    0x08004b40   0x08004b40   0x00000092   Code   RO         3070    i.HRTIM_MasterWaveform_Config  stm32g4xx_hal_hrtim.o
    0x08004bd2   0x08004bd2   0x000000de   Code   RO         3072    i.HRTIM_OutputConfig  stm32g4xx_hal_hrtim.o
    0x08004cb0   0x08004cb0   0x0000019c   Code   RO         3075    i.HRTIM_TimingUnitWaveform_Config  stm32g4xx_hal_hrtim.o
    0x08004e4c   0x08004e4c   0x00000002   Code   RO          840    i.HardFault_Handler  stm32g4xx_it.o
    0x08004e4e   0x08004e4e   0x00000022   Code   RO         3841    i.I2C_Flush_TXDR    stm32g4xx_hal_i2c.o
    0x08004e70   0x08004e70   0x0000010c   Code   RO         3849    i.I2C_IsErrorOccurred  stm32g4xx_hal_i2c.o
    0x08004f7c   0x08004f7c   0x00000064   Code   RO         3855    i.I2C_RequestMemoryWrite  stm32g4xx_hal_i2c.o
    0x08004fe0   0x08004fe0   0x00000030   Code   RO         3858    i.I2C_TransferConfig  stm32g4xx_hal_i2c.o
    0x08005010   0x08005010   0x0000007a   Code   RO         3860    i.I2C_WaitOnFlagUntilTimeout  stm32g4xx_hal_i2c.o
    0x0800508a   0x0800508a   0x00000056   Code   RO         3862    i.I2C_WaitOnSTOPFlagUntilTimeout  stm32g4xx_hal_i2c.o
    0x080050e0   0x080050e0   0x0000005a   Code   RO         3863    i.I2C_WaitOnTXISFlagUntilTimeout  stm32g4xx_hal_i2c.o
    0x0800513a   0x0800513a   0x00000020   Code   RO          192    i.Key_Scan          function.o
    0x0800515a   0x0800515a   0x0000000c   Code   RO          997    i.LL_ADC_GetOffsetChannel  stm32g4xx_hal_adc.o
    0x08005166   0x08005166   0x00000008   Code   RO          998    i.LL_ADC_INJ_IsConversionOngoing  stm32g4xx_hal_adc.o
    0x0800516e   0x0800516e   0x00000008   Code   RO          999    i.LL_ADC_REG_IsConversionOngoing  stm32g4xx_hal_adc.o
    0x08005176   0x08005176   0x00000008   Code   RO         1232    i.LL_ADC_REG_IsConversionOngoing  stm32g4xx_hal_adc_ex.o
    0x0800517e   0x0800517e   0x00000010   Code   RO         1000    i.LL_ADC_REG_IsTriggerSourceSWStart  stm32g4xx_hal_adc.o
    0x0800518e   0x0800518e   0x0000001e   Code   RO         1002    i.LL_ADC_SetChannelSamplingTime  stm32g4xx_hal_adc.o
    0x080051ac   0x080051ac   0x00000010   Code   RO         1003    i.LL_ADC_SetOffsetState  stm32g4xx_hal_adc.o
    0x080051bc   0x080051bc   0x00000090   Code   RO          595    i.MX_ADC1_Init      adc.o
    0x0800524c   0x0800524c   0x0000005c   Code   RO          635    i.MX_DMA_Init       dma.o
    0x080052a8   0x080052a8   0x000000a0   Code   RO          569    i.MX_GPIO_Init      gpio.o
    0x08005348   0x08005348   0x00000218   Code   RO          662    i.MX_HRTIM1_Init    hrtim.o
    0x08005560   0x08005560   0x00000058   Code   RO          710    i.MX_I2C3_Init      i2c.o
    0x080055b8   0x080055b8   0x00000068   Code   RO          752    i.MX_TIM2_Init      tim.o
    0x08005620   0x08005620   0x00000068   Code   RO          794    i.MX_USART2_UART_Init  usart.o
    0x08005688   0x08005688   0x00000002   Code   RO          841    i.MemManage_Handler  stm32g4xx_it.o
    0x0800568a   0x0800568a   0x00000002   PAD
    0x0800568c   0x0800568c   0x000000a8   Code   RO          195    i.Mode_Switch       function.o
    0x08005734   0x08005734   0x00000002   Code   RO          842    i.NMI_Handler       stm32g4xx_it.o
    0x08005736   0x08005736   0x00000002   PAD
    0x08005738   0x08005738   0x0000007c   Code   RO          406    i.OLEDShowData      oled.o
    0x080057b4   0x080057b4   0x00000012   Code   RO          407    i.OLED_CLS          oled.o
    0x080057c6   0x080057c6   0x00000002   PAD
    0x080057c8   0x080057c8   0x00000038   Code   RO          409    i.OLED_Fill         oled.o
    0x08005800   0x08005800   0x000000ba   Code   RO          410    i.OLED_Init         oled.o
    0x080058ba   0x080058ba   0x00000018   Code   RO          412    i.OLED_ON           oled.o
    0x080058d2   0x080058d2   0x00000026   Code   RO          413    i.OLED_SetPos       oled.o
    0x080058f8   0x080058f8   0x000000d8   Code   RO          417    i.OLED_ShowStr      oled.o
    0x080059d0   0x080059d0   0x00000128   Code   RO          197    i.Open_Mode_Init    function.o
    0x08005af8   0x08005af8   0x00000002   Code   RO          843    i.PendSV_Handler    stm32g4xx_it.o
    0x08005afa   0x08005afa   0x00000002   Code   RO          844    i.SVC_Handler       stm32g4xx_it.o
    0x08005afc   0x08005afc   0x00000078   Code   RO          198    i.SetDeadTimeManual  function.o
    0x08005b74   0x08005b74   0x000000c8   Code   RO          201    i.SetPWMFrequency   function.o
    0x08005c3c   0x08005c3c   0x00000004   Code   RO          845    i.SysTick_Handler   stm32g4xx_it.o
    0x08005c40   0x08005c40   0x00000066   Code   RO          520    i.SystemClock_Config  main.o
    0x08005ca6   0x08005ca6   0x00000002   PAD
    0x08005ca8   0x08005ca8   0x00000010   Code   RO         5993    i.SystemInit        system_stm32g4xx.o
    0x08005cb8   0x08005cb8   0x0000000c   Code   RO          846    i.TIM2_IRQHandler   stm32g4xx_it.o
    0x08005cc4   0x08005cc4   0x000000e4   Code   RO         4404    i.TIM_Base_SetConfig  stm32g4xx_hal_tim.o
    0x08005da8   0x08005da8   0x00000014   Code   RO         4415    i.TIM_ETR_SetConfig  stm32g4xx_hal_tim.o
    0x08005dbc   0x08005dbc   0x00000014   Code   RO         4416    i.TIM_ITRx_SetConfig  stm32g4xx_hal_tim.o
    0x08005dd0   0x08005dd0   0x00000022   Code   RO         4424    i.TIM_TI1_ConfigInputStage  stm32g4xx_hal_tim.o
    0x08005df2   0x08005df2   0x00000024   Code   RO         4426    i.TIM_TI2_ConfigInputStage  stm32g4xx_hal_tim.o
    0x08005e16   0x08005e16   0x00000002   PAD
    0x08005e18   0x08005e18   0x00000044   Code   RO         5888    i.UARTEx_SetNbDataToProcess  stm32g4xx_hal_uart_ex.o
    0x08005e5c   0x08005e5c   0x000000c8   Code   RO         5497    i.UART_AdvFeatureConfig  stm32g4xx_hal_uart.o
    0x08005f24   0x08005f24   0x000000ac   Code   RO         5498    i.UART_CheckIdleState  stm32g4xx_hal_uart.o
    0x08005fd0   0x08005fd0   0x00000010   Code   RO         5499    i.UART_DMAAbortOnError  stm32g4xx_hal_uart.o
    0x08005fe0   0x08005fe0   0x00000054   Code   RO         5509    i.UART_EndRxTransfer  stm32g4xx_hal_uart.o
    0x08006034   0x08006034   0x00000298   Code   RO         5515    i.UART_SetConfig    stm32g4xx_hal_uart.o
    0x080062cc   0x080062cc   0x00000094   Code   RO         5522    i.UART_WaitOnFlagUntilTimeout  stm32g4xx_hal_uart.o
    0x08006360   0x08006360   0x0000000c   Code   RO          847    i.USART2_IRQHandler  stm32g4xx_it.o
    0x0800636c   0x0800636c   0x000001a4   Code   RO          210    i.UpdateDisplay     function.o
    0x08006510   0x08006510   0x00000002   Code   RO          848    i.UsageFault_Handler  stm32g4xx_it.o
    0x08006512   0x08006512   0x00000002   PAD
    0x08006514   0x08006514   0x00000024   Code   RO          418    i.WriteCmd          oled.o
    0x08006538   0x08006538   0x00000024   Code   RO          419    i.WriteDat          oled.o
    0x0800655c   0x0800655c   0x00000030   Code   RO         6144    i.__ARM_fpclassify  m_wm.l(fpclassify.o)
    0x0800658c   0x0800658c   0x00000020   Code   RO         2808    i.__NVIC_SetPriority  stm32g4xx_hal_cortex.o
    0x080065ac   0x080065ac   0x0000000e   Code   RO         6047    i._is_digit         c_w.l(__printf_wp.o)
    0x080065ba   0x080065ba   0x00000002   PAD
    0x080065bc   0x080065bc   0x00000078   Code   RO          521    i.main              main.o
    0x08006634   0x08006634   0x0000002c   Code   RO         6140    locale$$code        c_w.l(lc_numeric_c.o)
    0x08006660   0x08006660   0x0000000c   Code   RO         6081    x$fpl$dretinf       fz_wm.l(dretinf.o)
    0x0800666c   0x0800666c   0x00000056   Code   RO         6065    x$fpl$f2d           fz_wm.l(f2d.o)
    0x080066c2   0x080066c2   0x0000008c   Code   RO         6083    x$fpl$fnaninf       fz_wm.l(fnaninf.o)
    0x0800674e   0x0800674e   0x0000000a   Code   RO         6220    x$fpl$fpinit        fz_wm.l(fpinit.o)
    0x08006758   0x08006758   0x00000004   Code   RO         6067    x$fpl$printf1       fz_wm.l(printf1.o)
    0x0800675c   0x0800675c   0x00000000   Code   RO         6085    x$fpl$usenofp       fz_wm.l(usenofp.o)
    0x0800675c   0x0800675c   0x00000818   Data   RO          421    .constdata          oled.o
    0x08006f74   0x08006f74   0x00000018   Data   RO         5523    .constdata          stm32g4xx_hal_uart.o
    0x08006f8c   0x08006f8c   0x00000010   Data   RO         5889    .constdata          stm32g4xx_hal_uart_ex.o
    0x08006f9c   0x08006f9c   0x00000010   Data   RO         5994    .constdata          system_stm32g4xx.o
    0x08006fac   0x08006fac   0x00000008   Data   RO         5995    .constdata          system_stm32g4xx.o
    0x08006fb4   0x08006fb4   0x00000094   Data   RO         6115    .constdata          c_w.l(bigflt0.o)
    0x08007048   0x08007048   0x00000020   Data   RO         6289    Region$$Table       anon$$obj.o
    0x08007068   0x08007068   0x0000001c   Data   RO         6139    locale$$data        c_w.l(lc_numeric_c.o)


    Execution Region RW_IRAM1 (Exec base: 0x20000000, Load base: 0x08007084, Size: 0x00000ad8, Max: 0x00020000, ABSOLUTE)

    Exec Addr    Load Addr    Size         Type   Attr      Idx    E Section Name        Object

    0x20000000   0x08007084   0x0000008c   Data   RW          218    .data               function.o
    0x2000008c   0x08007110   0x0000000c   Data   RW         1452    .data               stm32g4xx_hal.o
    0x20000098   0x0800711c   0x00000004   Data   RW         5996    .data               system_stm32g4xx.o
    0x2000009c        -       0x0000001c   Zero   RW          217    .bss                function.o
    0x200000b8        -       0x000000cc   Zero   RW          596    .bss                adc.o
    0x20000184        -       0x000000fc   Zero   RW          663    .bss                hrtim.o
    0x20000280        -       0x000000b4   Zero   RW          711    .bss                i2c.o
    0x20000334        -       0x0000004c   Zero   RW          753    .bss                tim.o
    0x20000380        -       0x000000f4   Zero   RW          795    .bss                usart.o
    0x20000474        -       0x00000060   Zero   RW         6147    .bss                c_w.l(libspace.o)
    0x200004d4   0x08007120   0x00000004   PAD
    0x200004d8        -       0x00000200   Zero   RW            2    HEAP                startup_stm32g474xx.o
    0x200006d8        -       0x00000400   Zero   RW            1    STACK               startup_stm32g474xx.o


==============================================================================

Image component sizes


      Code (inc. data)   RO Data    RW Data    ZI Data      Debug   Object Name

       328         20          0          0        204       1923   adc.o
         0          0          0          0          0    1054961   ctlloop.o
        92          4          0          0          0        830   dma.o
      1980        256          0        140         28      16370   function.o
       160         12          0          0          0        971   gpio.o
       660         30          0          0        252       2780   hrtim.o
       268         32          0          0        180       1858   i2c.o
       226         18          0          0          0       2140   main.o
       734         72       2072          0          0       6365   oled.o
        64         26        472          0       1536        844   startup_stm32g474xx.o
       162         24          0         12          0       4333   stm32g4xx_hal.o
      3434        226          0          0          0      84837   stm32g4xx_hal_adc.o
       370         26          0          0          0      72112   stm32g4xx_hal_adc_ex.o
       198         14          0          0          0      33847   stm32g4xx_hal_cortex.o
       906         30          0          0          0       6582   stm32g4xx_hal_dma.o
       620         34          0          0          0       3656   stm32g4xx_hal_gpio.o
      2140         28          0          0          0      15411   stm32g4xx_hal_hrtim.o
      1280         22          0          0          0      10215   stm32g4xx_hal_i2c.o
       168          0          0          0          0       1923   stm32g4xx_hal_i2c_ex.o
        48          6          0          0          0        870   stm32g4xx_hal_msp.o
       204         18          0          0          0       1409   stm32g4xx_hal_pwr_ex.o
      1688         92          0          0          0       6288   stm32g4xx_hal_rcc.o
       768         10          0          0          0       1972   stm32g4xx_hal_rcc_ex.o
      1244         82          0          0          0      11133   stm32g4xx_hal_tim.o
       198         34          0          0          0       5452   stm32g4xx_hal_tim_ex.o
      2192         90         24          0          0      29424   stm32g4xx_hal_uart.o
       288          6         16          0          0       5390   stm32g4xx_hal_uart_ex.o
        92         36          0          0          0       7041   stm32g4xx_it.o
        16          4         24          4          0       1135   system_stm32g4xx.o
       160         10          0          0         76       1702   tim.o
       292         28          0          0        244       1897   usart.o

    ----------------------------------------------------------------------
     21012       1290       2640        156       2520    1395671   Object Totals
         0          0         32          0          0          0   (incl. Generated)
        32          0          0          0          0          0   (incl. Padding)

    ----------------------------------------------------------------------

      Code (inc. data)   RO Data    RW Data    ZI Data      Debug   Library Member Name

         8          0          0          0          0         68   __main.o
       284          0          0          0          0        156   __printf_wp.o
         0          0          0          0          0          0   __rtentry.o
        12          0          0          0          0          0   __rtentry2.o
         6          0          0          0          0          0   __rtentry4.o
        52          8          0          0          0          0   __scatter.o
        26          0          0          0          0          0   __scatter_copy.o
        28          0          0          0          0          0   __scatter_zi.o
        48          6          0          0          0         96   _printf_char_common.o
         6          0          0          0          0          0   _printf_f.o
      1054          0          0          0          0        216   _printf_fp_dec.o
       128         16          0          0          0         84   _printf_fp_infnan.o
         0          0          0          0          0          0   _printf_percent.o
         4          0          0          0          0          0   _printf_percent_end.o
        10          0          0          0          0         68   _sputc.o
       228          4        148          0          0         96   bigflt0.o
      1936        128          0          0          0        672   btod.o
        18          0          0          0          0         80   exit.o
         6          0          0          0          0        152   heapauxi.o
         0          0          0          0          0          0   indicate_semi.o
        44         10         28          0          0         76   lc_numeric_c.o
         2          0          0          0          0          0   libinit.o
        22          0          0          0          0          0   libinit2.o
         2          0          0          0          0          0   libshutdown.o
         2          0          0          0          0          0   libshutdown2.o
         8          4          0          0         96         68   libspace.o
       138          0          0          0          0         80   lludiv10.o
       238          0          0          0          0        100   lludivv7m.o
        40          6          0          0          0         84   noretval__2sprintf.o
         8          4          0          0          0         68   rt_locale_intlibspace.o
        78          0          0          0          0         80   rt_memclr_w.o
         2          0          0          0          0          0   rtexit.o
        10          0          0          0          0          0   rtexit2.o
       128          0          0          0          0         68   strcmpv7m.o
        12          4          0          0          0         68   sys_exit.o
        74          0          0          0          0         80   sys_stackheap_outer.o
         2          0          0          0          0         68   use_no_semi.o
        12          0          0          0          0        116   dretinf.o
        86          4          0          0          0        132   f2d.o
       140          4          0          0          0        132   fnaninf.o
        10          0          0          0          0        116   fpinit.o
         4          0          0          0          0        116   printf1.o
         0          0          0          0          0          0   usenofp.o
        48          0          0          0          0        124   fpclassify.o

    ----------------------------------------------------------------------
      4976        198        176          0        100       3264   Library Totals
        12          0          0          0          4          0   (incl. Padding)

    ----------------------------------------------------------------------

      Code (inc. data)   RO Data    RW Data    ZI Data      Debug   Library Name

      4664        190        176          0         96       2528   c_w.l
       252          8          0          0          0        612   fz_wm.l
        48          0          0          0          0        124   m_wm.l

    ----------------------------------------------------------------------
      4976        198        176          0        100       3264   Library Totals

    ----------------------------------------------------------------------

==============================================================================


      Code (inc. data)   RO Data    RW Data    ZI Data      Debug   

     25988       1488       2816        156       2620    1380383   Grand Totals
     25988       1488       2816        156       2620    1380383   ELF Image Totals
     25988       1488       2816        156          0          0   ROM Totals

==============================================================================

    Total RO  Size (Code + RO Data)                28804 (  28.13kB)
    Total RW  Size (RW Data + ZI Data)              2776 (   2.71kB)
    Total ROM Size (Code + RO Data + RW Data)      28960 (  28.28kB)

==============================================================================

